Archive member included to satisfy reference by file (symbol)

/usr/lib/gcc/arm-none-eabi/10.3.1/thumb/v6-m/nofp/libgcc.a(_dvmd_tls.o)
                              CMakeFiles/glitcher.dir/_deps/pico_sdk-src/src/rp2_common/pico_divider/divider_hardware.S.o (__aeabi_idiv0)
/usr/lib/gcc/arm-none-eabi/10.3.1/../../../arm-none-eabi/lib/thumb/v6-m/nofp/libg.a(lib_a-atexit.o)
                              /usr/lib/gcc/arm-none-eabi/10.3.1/../../../arm-none-eabi/lib/thumb/v6-m/nofp/crt0.o (atexit)
/usr/lib/gcc/arm-none-eabi/10.3.1/../../../arm-none-eabi/lib/thumb/v6-m/nofp/libg.a(lib_a-calloc.o)
                              CMakeFiles/glitcher.dir/_deps/pico_sdk-src/src/rp2_common/pico_malloc/malloc.c.o (calloc)
/usr/lib/gcc/arm-none-eabi/10.3.1/../../../arm-none-eabi/lib/thumb/v6-m/nofp/libg.a(lib_a-callocr.o)
                              /usr/lib/gcc/arm-none-eabi/10.3.1/../../../arm-none-eabi/lib/thumb/v6-m/nofp/libg.a(lib_a-calloc.o) (_calloc_r)
/usr/lib/gcc/arm-none-eabi/10.3.1/../../../arm-none-eabi/lib/thumb/v6-m/nofp/libg.a(lib_a-fini.o)
                              /usr/lib/gcc/arm-none-eabi/10.3.1/../../../arm-none-eabi/lib/thumb/v6-m/nofp/crt0.o (__libc_fini_array)
/usr/lib/gcc/arm-none-eabi/10.3.1/../../../arm-none-eabi/lib/thumb/v6-m/nofp/libg.a(lib_a-impure.o)
                              /usr/lib/gcc/arm-none-eabi/10.3.1/../../../arm-none-eabi/lib/thumb/v6-m/nofp/libg.a(lib_a-calloc.o) (_impure_ptr)
/usr/lib/gcc/arm-none-eabi/10.3.1/../../../arm-none-eabi/lib/thumb/v6-m/nofp/libg.a(lib_a-init.o)
                              /usr/lib/gcc/arm-none-eabi/10.3.1/../../../arm-none-eabi/lib/thumb/v6-m/nofp/crt0.o (__libc_init_array)
/usr/lib/gcc/arm-none-eabi/10.3.1/../../../arm-none-eabi/lib/thumb/v6-m/nofp/libg.a(lib_a-lcltime_r.o)
                              CMakeFiles/glitcher.dir/_deps/pico_sdk-src/src/common/pico_util/datetime.c.o (localtime_r)
/usr/lib/gcc/arm-none-eabi/10.3.1/../../../arm-none-eabi/lib/thumb/v6-m/nofp/libg.a(lib_a-malloc.o)
                              CMakeFiles/glitcher.dir/_deps/pico_sdk-src/src/rp2_common/pico_malloc/malloc.c.o (malloc)
/usr/lib/gcc/arm-none-eabi/10.3.1/../../../arm-none-eabi/lib/thumb/v6-m/nofp/libg.a(lib_a-mallocr.o)
                              /usr/lib/gcc/arm-none-eabi/10.3.1/../../../arm-none-eabi/lib/thumb/v6-m/nofp/libg.a(lib_a-callocr.o) (_malloc_r)
/usr/lib/gcc/arm-none-eabi/10.3.1/../../../arm-none-eabi/lib/thumb/v6-m/nofp/libg.a(lib_a-memcmp.o)
                              CMakeFiles/glitcher.dir/_deps/pico_sdk-src/src/rp2_common/pico_atomic/atomic.c.o (memcmp)
/usr/lib/gcc/arm-none-eabi/10.3.1/../../../arm-none-eabi/lib/thumb/v6-m/nofp/libg.a(lib_a-mktime.o)
                              CMakeFiles/glitcher.dir/_deps/pico_sdk-src/src/common/pico_util/datetime.c.o (mktime)
/usr/lib/gcc/arm-none-eabi/10.3.1/../../../arm-none-eabi/lib/thumb/v6-m/nofp/libg.a(lib_a-mlock.o)
                              /usr/lib/gcc/arm-none-eabi/10.3.1/../../../arm-none-eabi/lib/thumb/v6-m/nofp/libg.a(lib_a-mallocr.o) (__malloc_lock)
/usr/lib/gcc/arm-none-eabi/10.3.1/../../../arm-none-eabi/lib/thumb/v6-m/nofp/libg.a(lib_a-month_lengths.o)
                              /usr/lib/gcc/arm-none-eabi/10.3.1/../../../arm-none-eabi/lib/thumb/v6-m/nofp/libg.a(lib_a-lcltime_r.o) (__month_lengths)
/usr/lib/gcc/arm-none-eabi/10.3.1/../../../arm-none-eabi/lib/thumb/v6-m/nofp/libg.a(lib_a-realloc.o)
                              CMakeFiles/glitcher.dir/_deps/pico_sdk-src/src/rp2_common/pico_malloc/malloc.c.o (realloc)
/usr/lib/gcc/arm-none-eabi/10.3.1/../../../arm-none-eabi/lib/thumb/v6-m/nofp/libg.a(lib_a-reallocr.o)
                              /usr/lib/gcc/arm-none-eabi/10.3.1/../../../arm-none-eabi/lib/thumb/v6-m/nofp/libg.a(lib_a-realloc.o) (_realloc_r)
/usr/lib/gcc/arm-none-eabi/10.3.1/../../../arm-none-eabi/lib/thumb/v6-m/nofp/libg.a(lib_a-sbrkr.o)
                              /usr/lib/gcc/arm-none-eabi/10.3.1/../../../arm-none-eabi/lib/thumb/v6-m/nofp/libg.a(lib_a-mallocr.o) (_sbrk_r)
/usr/lib/gcc/arm-none-eabi/10.3.1/../../../arm-none-eabi/lib/thumb/v6-m/nofp/libg.a(lib_a-strcmp.o)
                              CMakeFiles/glitcher.dir/main.c.o (strcmp)
/usr/lib/gcc/arm-none-eabi/10.3.1/../../../arm-none-eabi/lib/thumb/v6-m/nofp/libg.a(lib_a-strlen-stub.o)
                              CMakeFiles/glitcher.dir/main.c.o (strlen)
/usr/lib/gcc/arm-none-eabi/10.3.1/../../../arm-none-eabi/lib/thumb/v6-m/nofp/libg.a(lib_a-strncpy.o)
                              CMakeFiles/glitcher.dir/main.c.o (strncpy)
/usr/lib/gcc/arm-none-eabi/10.3.1/../../../arm-none-eabi/lib/thumb/v6-m/nofp/libg.a(lib_a-strtok.o)
                              CMakeFiles/glitcher.dir/main.c.o (strtok)
/usr/lib/gcc/arm-none-eabi/10.3.1/../../../arm-none-eabi/lib/thumb/v6-m/nofp/libg.a(lib_a-strtok_r.o)
                              /usr/lib/gcc/arm-none-eabi/10.3.1/../../../arm-none-eabi/lib/thumb/v6-m/nofp/libg.a(lib_a-strtok.o) (__strtok_r)
[...]
Memory Configuration

Name             Origin             Length             Attributes
FLASH            0x0000000010000000 0x0000000000200000 xr
RAM              0x0000000020000000 0x0000000000040000 xrw
SCRATCH_X        0x0000000020040000 0x0000000000001000 xrw
SCRATCH_Y        0x0000000020041000 0x0000000000001000 xrw
*default*        0x0000000000000000 0xffffffffffffffff

Linker script and memory map

LOAD /usr/lib/gcc/arm-none-eabi/10.3.1/thumb/v6-m/nofp/crti.o
LOAD /usr/lib/gcc/arm-none-eabi/10.3.1/thumb/v6-m/nofp/crtbegin.o
LOAD /usr/lib/gcc/arm-none-eabi/10.3.1/../../../arm-none-eabi/lib/thumb/v6-m/nofp/crt0.o

.flash_begin    0x0000000010000000        0x0
                0x0000000010000000                __flash_binary_start = .

.boot2          0x0000000010000000      0x100
                0x0000000010000000                __boot2_start__ = .
 *(.boot2)
 .boot2         0x0000000010000000      0x100 pico-sdk/src/rp2040/boot_stage2/CMakeFiles/bs2_default_library.dir/bs2_default_padded_checksummed.S.o
                0x0000000010000100                __boot2_end__ = .
                0x0000000000000001                ASSERT (((__boot2_end__ - __boot2_start__) == 0x100), ERROR: Pico second stage bootloader must be 256 bytes in size)

.text           0x0000000010000100     0x8af4
                0x0000000010000100                __logical_binary_start = .
 *(.vectors)
 .vectors       0x0000000010000100       0xd4 CMakeFiles/glitcher.dir/_deps/pico_sdk-src/src/rp2_common/pico_crt0/crt0.S.o
                0x0000000010000100                __vectors
                0x0000000010000100                __VECTOR_TABLE
                0x00000000100001c0                isr_invalid
                0x00000000100001c0                __default_isrs_start
                0x00000000100001c2                isr_nmi
                0x00000000100001c4                isr_hardfault
                0x00000000100001c6                isr_svcall
                0x00000000100001c8                isr_pendsv
                0x00000000100001ca                isr_systick
                0x00000000100001cc                isr_irq30
                0x00000000100001cc                __unhandled_user_irq
                0x00000000100001cc                isr_irq13
                0x00000000100001cc                isr_irq27
                0x00000000100001cc                isr_irq31
                0x00000000100001cc                isr_irq5
                0x00000000100001cc                isr_irq11
                0x00000000100001cc                isr_irq23
                0x00000000100001cc                isr_irq18
                0x00000000100001cc                isr_irq28
                0x00000000100001cc                isr_irq19
                0x00000000100001cc                isr_irq0
                0x00000000100001cc                isr_irq6
                0x00000000100001cc                isr_irq22
                0x00000000100001cc                isr_irq17
                0x00000000100001cc                isr_irq14
                0x00000000100001cc                isr_irq2
                0x00000000100001cc                isr_irq10
                0x00000000100001cc                isr_irq8
                0x00000000100001cc                isr_irq24
                0x00000000100001cc                isr_irq1
                0x00000000100001cc                isr_irq7
                0x00000000100001cc                isr_irq21
                0x00000000100001cc                isr_irq20
                0x00000000100001cc                isr_irq15
                0x00000000100001cc                isr_irq25
                0x00000000100001cc                isr_irq4
                0x00000000100001cc                isr_irq16
                0x00000000100001cc                isr_irq29
                0x00000000100001cc                isr_irq26
                0x00000000100001cc                __default_isrs_end
                0x00000000100001cc                isr_irq3
                0x00000000100001cc                isr_irq12
                0x00000000100001cc                isr_irq9
                0x00000000100001d2                unhandled_user_irq_num_in_r0
 *(.binary_info_header)
 .binary_info_header
                0x00000000100001d4       0x14 CMakeFiles/glitcher.dir/_deps/pico_sdk-src/src/rp2_common/pico_crt0/crt0.S.o
                0x00000000100001e8                __binary_info_header_end = .
 *(.embedded_block)
                0x00000000100001e8                __embedded_block_end = .
 *(.reset)
 .reset         0x00000000100001e8       0x9c CMakeFiles/glitcher.dir/_deps/pico_sdk-src/src/rp2_common/pico_crt0/crt0.S.o
                0x00000000100001e8                _entry_point
 *(.init)
 .init          0x0000000010000284        0x4 /usr/lib/gcc/arm-none-eabi/10.3.1/thumb/v6-m/nofp/crti.o
                0x0000000010000284                _init
 *(EXCLUDE_FILE(*libm.a: *libc.a:*lib_a-mem*.o *libgcc.a:) .text*)
 .text          0x0000000010000288       0x98 /usr/lib/gcc/arm-none-eabi/10.3.1/thumb/v6-m/nofp/crtbegin.o
 .text.gpio_callback
                0x0000000010000320       0x48 CMakeFiles/glitcher.dir/main.c.o
                0x0000000010000320                gpio_callback
 .text.startup.main
                0x0000000010000368       0xb4 CMakeFiles/glitcher.dir/main.c.o
                0x0000000010000368                main
 .text.parse_scpi_command
                0x000000001000041c      0x39c CMakeFiles/glitcher.dir/main.c.o
                0x000000001000041c                parse_scpi_command
 .text.tud_cdc_rx_wanted_cb
                0x00000000100007b8       0x90 CMakeFiles/glitcher.dir/main.c.o
                0x00000000100007b8                tud_cdc_rx_wanted_cb
 .text.tud_mount_cb
                0x0000000010000848       0x10 CMakeFiles/glitcher.dir/main.c.o
                0x0000000010000848                tud_mount_cb
 .text.tud_umount_cb
                0x0000000010000858        0xc CMakeFiles/glitcher.dir/main.c.o
                0x0000000010000858                tud_umount_cb
 .text.tud_suspend_cb
                0x0000000010000864       0x10 CMakeFiles/glitcher.dir/main.c.o
                0x0000000010000864                tud_suspend_cb
 .text.tud_resume_cb
                0x0000000010000874       0x10 CMakeFiles/glitcher.dir/main.c.o
                0x0000000010000874                tud_resume_cb
 .text.tud_descriptor_device_cb
                0x0000000010000884        0x8 CMakeFiles/glitcher.dir/usb_descriptors.c.o
                0x0000000010000884                tud_descriptor_device_cb
 .text.tud_descriptor_device_qualifier_cb
                0x000000001000088c        0x8 CMakeFiles/glitcher.dir/usb_descriptors.c.o
                0x000000001000088c                tud_descriptor_device_qualifier_cb
 .text.tud_descriptor_other_speed_configuration_cb
                0x0000000010000894       0x20 CMakeFiles/glitcher.dir/usb_descriptors.c.o
                0x0000000010000894                tud_descriptor_other_speed_configuration_cb
 .text.tud_descriptor_configuration_cb
                0x00000000100008b4        0x8 CMakeFiles/glitcher.dir/usb_descriptors.c.o
                0x00000000100008b4                tud_descriptor_configuration_cb
 .text.tud_descriptor_string_cb
                0x00000000100008bc       0x90 CMakeFiles/glitcher.dir/usb_descriptors.c.o
                0x00000000100008bc                tud_descriptor_string_cb
 .text.sump_do_stop.part.0
                0x000000001000094c       0xd4 CMakeFiles/glitcher.dir/cdc_sump.c.o
 .text.sump_tx_empty.constprop.0
                0x0000000010000a20      0x238 CMakeFiles/glitcher.dir/cdc_sump.c.o
 .text.sump_do_run.part.0
                0x0000000010000c58      0x364 CMakeFiles/glitcher.dir/cdc_sump.c.o
 .text.sump_rx.part.0
                0x0000000010000fbc      0x2ec CMakeFiles/glitcher.dir/cdc_sump.c.o
 .text.sump_dma_irq_handler
                0x00000000100012a8      0x310 CMakeFiles/glitcher.dir/cdc_sump.c.o
                0x00000000100012a8                sump_dma_irq_handler
 .text.cdc_sump_init
                0x00000000100015b8       0xb8 CMakeFiles/glitcher.dir/cdc_sump.c.o
                0x00000000100015b8                cdc_sump_init
 .text.cdc_sump_task
                0x0000000010001670      0x300 CMakeFiles/glitcher.dir/cdc_sump.c.o
                0x0000000010001670                cdc_sump_task
 .text.adc_pio_init
                0x0000000010001970       0xfc CMakeFiles/glitcher.dir/adc.c.o
                0x0000000010001970                adc_pio_init
 .text.adc_pio_delay
                0x0000000010001a6c        0xc CMakeFiles/glitcher.dir/adc.c.o
                0x0000000010001a6c                adc_pio_delay
 .text.adc_pio_start
                0x0000000010001a78       0x6c CMakeFiles/glitcher.dir/adc.c.o
                0x0000000010001a78                adc_pio_start
 .text.adc_config_clkdiv
                0x0000000010001ae4       0x14 CMakeFiles/glitcher.dir/adc.c.o
                0x0000000010001ae4                adc_config_clkdiv
 .text.adc_data
                0x0000000010001af8       0x18 CMakeFiles/glitcher.dir/adc.c.o
                0x0000000010001af8                adc_data
 .text.gpio_pio_fill
                0x0000000010001b10      0x15c CMakeFiles/glitcher.dir/output.c.o
                0x0000000010001b10                gpio_pio_fill
 .text.gpio_pio_init
                0x0000000010001c6c       0xf4 CMakeFiles/glitcher.dir/output.c.o
                0x0000000010001c6c                gpio_pio_init
 .text.gpio_pio_add
                0x0000000010001d60       0x28 CMakeFiles/glitcher.dir/output.c.o
                0x0000000010001d60                gpio_pio_add
 .text.gpio_pio_reset
                0x0000000010001d88       0x74 CMakeFiles/glitcher.dir/output.c.o
                0x0000000010001d88                gpio_pio_reset
 .text.gpio_pio_start
                0x0000000010001dfc       0xc0 CMakeFiles/glitcher.dir/output.c.o
                0x0000000010001dfc                gpio_pio_start
 .text.glitch_init
                0x0000000010001ebc       0xb0 CMakeFiles/glitcher.dir/glitch.c.o
                0x0000000010001ebc                glitch_init
 .text.glitch_offset
                0x0000000010001f6c        0xc CMakeFiles/glitcher.dir/glitch.c.o
                0x0000000010001f6c                glitch_offset
 .text.glitch_length
                0x0000000010001f78        0xc CMakeFiles/glitcher.dir/glitch.c.o
                0x0000000010001f78                glitch_length
 .text.glitch_trigger
                0x0000000010001f84       0x50 CMakeFiles/glitcher.dir/glitch.c.o
                0x0000000010001f84                glitch_trigger
 .text.core1_trampoline
                0x0000000010001fd4        0x4 CMakeFiles/glitcher.dir/_deps/pico_sdk-src/src/rp2_common/pico_multicore/multicore.c.o
 .text.core1_wrapper
                0x0000000010001fd8        0xc CMakeFiles/glitcher.dir/_deps/pico_sdk-src/src/rp2_common/pico_multicore/multicore.c.o
                0x0000000010001fd8                core1_wrapper
 .text.multicore_reset_core1
                0x0000000010001fe4       0x60 CMakeFiles/glitcher.dir/_deps/pico_sdk-src/src/rp2_common/pico_multicore/multicore.c.o
                0x0000000010001fe4                multicore_reset_core1
 .text.multicore_launch_core1_raw
                0x0000000010002044       0x84 CMakeFiles/glitcher.dir/_deps/pico_sdk-src/src/rp2_common/pico_multicore/multicore.c.o
                0x0000000010002044                multicore_launch_core1_raw
 .text.multicore_launch_core1
                0x00000000100020c8       0x4c CMakeFiles/glitcher.dir/_deps/pico_sdk-src/src/rp2_common/pico_multicore/multicore.c.o
                0x00000000100020c8                multicore_launch_core1
 .text.lock_init
                0x0000000010002114       0x10 CMakeFiles/glitcher.dir/_deps/pico_sdk-src/src/common/pico_sync/lock_core.c.o
                0x0000000010002114                lock_init
 .text.runtime_init_mutex
                0x0000000010002124       0x58 CMakeFiles/glitcher.dir/_deps/pico_sdk-src/src/common/pico_sync/mutex.c.o
                0x0000000010002124                runtime_init_mutex
 .text.mutex_init
                0x000000001000217c       0x1c CMakeFiles/glitcher.dir/_deps/pico_sdk-src/src/common/pico_sync/mutex.c.o
                0x000000001000217c                mutex_init
 .text.critical_section_init
                0x0000000010002198       0x20 CMakeFiles/glitcher.dir/_deps/pico_sdk-src/src/common/pico_sync/critical_section.c.o
                0x0000000010002198                critical_section_init
 .text.sleep_until_callback
                0x00000000100021b8       0x30 CMakeFiles/glitcher.dir/_deps/pico_sdk-src/src/common/pico_time/time.c.o
 .text.alarm_pool_irq_handler
                0x00000000100021e8      0x308 CMakeFiles/glitcher.dir/_deps/pico_sdk-src/src/common/pico_time/time.c.o
 .text.runtime_init_default_alarm_pool
                0x00000000100024f0       0xdc CMakeFiles/glitcher.dir/_deps/pico_sdk-src/src/common/pico_time/time.c.o
                0x00000000100024f0                runtime_init_default_alarm_pool
 .text.alarm_pool_add_alarm_at_force_in_context
                0x00000000100025cc       0xb0 CMakeFiles/glitcher.dir/_deps/pico_sdk-src/src/common/pico_time/time.c.o
                0x00000000100025cc                alarm_pool_add_alarm_at_force_in_context
 .text.alarm_pool_cancel_alarm
                0x000000001000267c       0x7c CMakeFiles/glitcher.dir/_deps/pico_sdk-src/src/common/pico_time/time.c.o
                0x000000001000267c                alarm_pool_cancel_alarm
 .text.best_effort_wfe_or_timeout
                0x00000000100026f8       0xfc CMakeFiles/glitcher.dir/_deps/pico_sdk-src/src/common/pico_time/time.c.o
                0x00000000100026f8                best_effort_wfe_or_timeout
 .text.timer_hardware_alarm_claim
                0x00000000100027f4       0x14 CMakeFiles/glitcher.dir/_deps/pico_sdk-src/src/rp2_common/hardware_timer/timer.c.o
                0x00000000100027f4                timer_hardware_alarm_claim
 .text.timer_time_us_64
                0x0000000010002808       0x10 CMakeFiles/glitcher.dir/_deps/pico_sdk-src/src/rp2_common/hardware_timer/timer.c.o
                0x0000000010002808                timer_time_us_64
 .text.time_us_64
                0x0000000010002818       0x14 CMakeFiles/glitcher.dir/_deps/pico_sdk-src/src/rp2_common/hardware_timer/timer.c.o
                0x0000000010002818                time_us_64
 .text.busy_wait_us
                0x000000001000282c       0x54 CMakeFiles/glitcher.dir/_deps/pico_sdk-src/src/rp2_common/hardware_timer/timer.c.o
                0x000000001000282c                busy_wait_us
 .text.rp2040_chip_version
                0x0000000010002880        0xc CMakeFiles/glitcher.dir/_deps/pico_sdk-src/src/rp2040/pico_platform/platform.c.o
                0x0000000010002880                rp2040_chip_version
 .text.panic    0x000000001000288c       0x30 CMakeFiles/glitcher.dir/_deps/pico_sdk-src/src/rp2_common/pico_platform_panic/panic.c.o
                0x000000001000288c                panic
 .text.hw_claim_lock
                0x00000000100028bc       0x18 CMakeFiles/glitcher.dir/_deps/pico_sdk-src/src/common/hardware_claim/claim.c.o
                0x00000000100028bc                hw_claim_lock
 .text.hw_claim_unlock
                0x00000000100028d4       0x14 CMakeFiles/glitcher.dir/_deps/pico_sdk-src/src/common/hardware_claim/claim.c.o
                0x00000000100028d4                hw_claim_unlock
 .text.hw_claim_or_assert
                0x00000000100028e8       0x44 CMakeFiles/glitcher.dir/_deps/pico_sdk-src/src/common/hardware_claim/claim.c.o
                0x00000000100028e8                hw_claim_or_assert
 .text.hw_claim_unused_from_range
                0x000000001000292c       0x9c CMakeFiles/glitcher.dir/_deps/pico_sdk-src/src/common/hardware_claim/claim.c.o
                0x000000001000292c                hw_claim_unused_from_range
 .text.next_striped_spin_lock_num
                0x00000000100029c8       0x18 CMakeFiles/glitcher.dir/_deps/pico_sdk-src/src/rp2_common/hardware_sync/sync.c.o
                0x00000000100029c8                next_striped_spin_lock_num
 .text.spin_lock_claim_unused
                0x00000000100029e0       0x20 CMakeFiles/glitcher.dir/_deps/pico_sdk-src/src/rp2_common/hardware_sync/sync.c.o
                0x00000000100029e0                spin_lock_claim_unused
 .text.spin_locks_reset
                0x0000000010002a00       0x1c CMakeFiles/glitcher.dir/_deps/pico_sdk-src/src/rp2_common/hardware_sync_spin_lock/sync_spin_lock.c.o
                0x0000000010002a00                spin_locks_reset
 .text.runtime_init_per_core_irq_priorities
                0x0000000010002a1c       0x24 CMakeFiles/glitcher.dir/_deps/pico_sdk-src/src/rp2_common/hardware_irq/irq.c.o
                0x0000000010002a1c                runtime_init_per_core_irq_priorities
 .text.irq_set_enabled
                0x0000000010002a40       0x24 CMakeFiles/glitcher.dir/_deps/pico_sdk-src/src/rp2_common/hardware_irq/irq.c.o
                0x0000000010002a40                irq_set_enabled
 .text.irq_is_enabled
                0x0000000010002a64       0x18 CMakeFiles/glitcher.dir/_deps/pico_sdk-src/src/rp2_common/hardware_irq/irq.c.o
                0x0000000010002a64                irq_is_enabled
 .text.irq_set_exclusive_handler
                0x0000000010002a7c       0x54 CMakeFiles/glitcher.dir/_deps/pico_sdk-src/src/rp2_common/hardware_irq/irq.c.o
                0x0000000010002a7c                irq_set_exclusive_handler
 .text.irq_add_shared_handler
                0x0000000010002ad0      0x1e8 CMakeFiles/glitcher.dir/_deps/pico_sdk-src/src/rp2_common/hardware_irq/irq.c.o
                0x0000000010002ad0                irq_add_shared_handler
 .text.irq_remove_handler
                0x0000000010002cb8      0x1c4 CMakeFiles/glitcher.dir/_deps/pico_sdk-src/src/rp2_common/hardware_irq/irq.c.o
                0x0000000010002cb8                irq_remove_handler
 .text.irq_add_tail_to_free_list
                0x0000000010002e7c       0xb4 CMakeFiles/glitcher.dir/_deps/pico_sdk-src/src/rp2_common/hardware_irq/irq.c.o
                0x0000000010002e7c                irq_add_tail_to_free_list
 .text.gpio_default_irq_handler
                0x0000000010002f30      0x270 CMakeFiles/glitcher.dir/_deps/pico_sdk-src/src/rp2_common/hardware_gpio/gpio.c.o
 .text.gpio_set_function
                0x00000000100031a0       0x34 CMakeFiles/glitcher.dir/_deps/pico_sdk-src/src/rp2_common/hardware_gpio/gpio.c.o
                0x00000000100031a0                gpio_set_function
 .text.gpio_set_pulls
                0x00000000100031d4       0x34 CMakeFiles/glitcher.dir/_deps/pico_sdk-src/src/rp2_common/hardware_gpio/gpio.c.o
                0x00000000100031d4                gpio_set_pulls
 .text.gpio_set_irq_enabled
                0x0000000010003208       0x58 CMakeFiles/glitcher.dir/_deps/pico_sdk-src/src/rp2_common/hardware_gpio/gpio.c.o
                0x0000000010003208                gpio_set_irq_enabled
 .text.gpio_set_irq_enabled_with_callback
                0x0000000010003260       0xd0 CMakeFiles/glitcher.dir/_deps/pico_sdk-src/src/rp2_common/hardware_gpio/gpio.c.o
                0x0000000010003260                gpio_set_irq_enabled_with_callback
 .text.gpio_init
                0x0000000010003330       0x40 CMakeFiles/glitcher.dir/_deps/pico_sdk-src/src/rp2_common/hardware_gpio/gpio.c.o
                0x0000000010003330                gpio_init
 .text.uart_init
                0x0000000010003370      0x11c CMakeFiles/glitcher.dir/_deps/pico_sdk-src/src/rp2_common/hardware_uart/uart.c.o
                0x0000000010003370                uart_init
 .text.clock_configure_int_divider
                0x000000001000348c       0xf4 CMakeFiles/glitcher.dir/_deps/pico_sdk-src/src/rp2_common/hardware_clocks/clocks.c.o
                0x000000001000348c                clock_configure_int_divider
 .text.clock_configure_undivided
                0x0000000010003580       0xe8 CMakeFiles/glitcher.dir/_deps/pico_sdk-src/src/rp2_common/hardware_clocks/clocks.c.o
                0x0000000010003580                clock_configure_undivided
 .text.clock_get_hz
                0x0000000010003668        0xc CMakeFiles/glitcher.dir/_deps/pico_sdk-src/src/rp2_common/hardware_clocks/clocks.c.o
                0x0000000010003668                clock_get_hz
 .text.pll_init
                0x0000000010003674       0xa0 CMakeFiles/glitcher.dir/_deps/pico_sdk-src/src/rp2_common/hardware_pll/pll.c.o
                0x0000000010003674                pll_init
 .text.tick_start
                0x0000000010003714       0x10 CMakeFiles/glitcher.dir/_deps/pico_sdk-src/src/rp2_common/hardware_ticks/ticks.c.o
                0x0000000010003714                tick_start
 .text.rom_func_lookup
                0x0000000010003724       0x10 CMakeFiles/glitcher.dir/_deps/pico_sdk-src/src/rp2_common/pico_bootrom/bootrom.c.o
                0x0000000010003724                rom_func_lookup
 .text.rom_data_lookup
                0x0000000010003734       0x10 CMakeFiles/glitcher.dir/_deps/pico_sdk-src/src/rp2_common/pico_bootrom/bootrom.c.o
                0x0000000010003734                rom_data_lookup
 .text.rom_funcs_lookup
                0x0000000010003744       0x44 CMakeFiles/glitcher.dir/_deps/pico_sdk-src/src/rp2_common/pico_bootrom/bootrom.c.o
                0x0000000010003744                rom_funcs_lookup
 .text.rom_reset_usb_boot
                0x0000000010003788       0x20 CMakeFiles/glitcher.dir/_deps/pico_sdk-src/src/rp2_common/pico_bootrom/bootrom.c.o
                0x0000000010003788                rom_reset_usb_boot
 .text.xosc_init
                0x00000000100037a8       0x28 CMakeFiles/glitcher.dir/_deps/pico_sdk-src/src/rp2_common/hardware_xosc/xosc.c.o
                0x00000000100037a8                xosc_init
 .text.first_per_core_initializer
                0x00000000100037d0        0x4 CMakeFiles/glitcher.dir/_deps/pico_sdk-src/src/rp2_common/pico_runtime/runtime.c.o
 .text.hard_assertion_failure
                0x00000000100037d4        0xc CMakeFiles/glitcher.dir/_deps/pico_sdk-src/src/rp2_common/pico_runtime/runtime.c.o
                0x00000000100037d4                hard_assertion_failure
 .text.runtime_run_initializers
                0x00000000100037e0       0x28 CMakeFiles/glitcher.dir/_deps/pico_sdk-src/src/rp2_common/pico_runtime/runtime.c.o
                0x00000000100037e0                runtime_run_initializers
 .text.runtime_run_per_core_initializers
                0x0000000010003808       0x28 CMakeFiles/glitcher.dir/_deps/pico_sdk-src/src/rp2_common/pico_runtime/runtime.c.o
                0x0000000010003808                runtime_run_per_core_initializers
 .text.runtime_init_early_resets
                0x0000000010003830       0x2c CMakeFiles/glitcher.dir/_deps/pico_sdk-src/src/rp2_common/pico_runtime_init/runtime_init.c.o
                0x0000000010003830                runtime_init_early_resets
 .text.runtime_init_usb_power_down
                0x000000001000385c       0x1c CMakeFiles/glitcher.dir/_deps/pico_sdk-src/src/rp2_common/pico_runtime_init/runtime_init.c.o
                0x000000001000385c                runtime_init_usb_power_down
 .text.runtime_init_post_clock_resets
                0x0000000010003878       0x20 CMakeFiles/glitcher.dir/_deps/pico_sdk-src/src/rp2_common/pico_runtime_init/runtime_init.c.o
                0x0000000010003878                runtime_init_post_clock_resets
 .text.runtime_init_rp2040_gpio_ie_disable
                0x0000000010003898       0x14 CMakeFiles/glitcher.dir/_deps/pico_sdk-src/src/rp2_common/pico_runtime_init/runtime_init.c.o
                0x0000000010003898                runtime_init_rp2040_gpio_ie_disable
 .text.runtime_init_spin_locks_reset
                0x00000000100038ac        0x8 CMakeFiles/glitcher.dir/_deps/pico_sdk-src/src/rp2_common/pico_runtime_init/runtime_init.c.o
                0x00000000100038ac                runtime_init_spin_locks_reset
 .text.runtime_init_install_ram_vector_table
                0x00000000100038b4       0x1c CMakeFiles/glitcher.dir/_deps/pico_sdk-src/src/rp2_common/pico_runtime_init/runtime_init.c.o
                0x00000000100038b4                runtime_init_install_ram_vector_table
 .text.runtime_init_clocks
                0x00000000100038d0       0xd8 CMakeFiles/glitcher.dir/_deps/pico_sdk-src/src/rp2_common/pico_runtime_init/runtime_init_clocks.c.o
                0x00000000100038d0                runtime_init_clocks
 .text          0x00000000100039a8       0x10 CMakeFiles/glitcher.dir/_deps/pico_sdk-src/src/rp2_common/pico_bit_ops/bit_ops_aeabi.S.o
 .text.__wrap___aeabi_idiv
                0x00000000100039b8       0x50 CMakeFiles/glitcher.dir/_deps/pico_sdk-src/src/rp2_common/pico_divider/divider_hardware.S.o
                0x00000000100039b8                __wrap___aeabi_idivmod
                0x00000000100039b8                divmod_s32s32
                0x00000000100039b8                div_s32s32
                0x00000000100039b8                __wrap___aeabi_idiv
                0x00000000100039c0                divmod_s32s32_unsafe
                0x00000000100039ec                divmod_s32s32_savestate
 .text.__wrap___aeabi_uidiv
                0x0000000010003a08       0x4c CMakeFiles/glitcher.dir/_deps/pico_sdk-src/src/rp2_common/pico_divider/divider_hardware.S.o
                0x0000000010003a08                __wrap___aeabi_uidiv
                0x0000000010003a08                __wrap___aeabi_uidivmod
                0x0000000010003a08                div_u32u32
                0x0000000010003a08                divmod_u32u32
                0x0000000010003a10                divmod_u32u32_unsafe
                0x0000000010003a38                divmod_u32u32_savestate
 .text.__wrap___aeabi_ldiv
                0x0000000010003a54      0x424 CMakeFiles/glitcher.dir/_deps/pico_sdk-src/src/rp2_common/pico_divider/divider_hardware.S.o
                0x0000000010003a54                div_s64s64
                0x0000000010003a54                divmod_s64s64
                0x0000000010003a54                __wrap___aeabi_ldivmod
                0x0000000010003a84                div_u64u64
                0x0000000010003a84                divmod_u64u64
                0x0000000010003a84                __wrap___aeabi_uldivmod
                0x0000000010003a94                divmod_u64u64_savestate
                0x0000000010003ab4                divmod_s64s64_unsafe
                0x0000000010003b3c                divmod_u64u64_unsafe
 .text.__wrap___aeabi_darithmetic
                0x0000000010003e78       0x80 CMakeFiles/glitcher.dir/_deps/pico_sdk-src/src/rp2_common/pico_double/double_aeabi_rp2040.S.o
                0x0000000010003e78                __wrap___aeabi_drsub
                0x0000000010003e7e                __wrap___aeabi_dsub
                0x0000000010003e90                __wrap___aeabi_dadd
                0x0000000010003ea2                __wrap___aeabi_ddiv
                0x0000000010003ede                __wrap___aeabi_dmul
 .text.__wrap___aeabi_cdcmple
                0x0000000010003ef8       0x6c CMakeFiles/glitcher.dir/_deps/pico_sdk-src/src/rp2_common/pico_double/double_aeabi_rp2040.S.o
                0x0000000010003ef8                __wrap___aeabi_cdrcmple
                0x0000000010003f08                __wrap___aeabi_cdcmple
                0x0000000010003f08                __wrap___aeabi_cdcmpeq
 .text.__wrap___aeabi_dcmplt
                0x0000000010003f64        0xc CMakeFiles/glitcher.dir/_deps/pico_sdk-src/src/rp2_common/pico_double/double_aeabi_rp2040.S.o
                0x0000000010003f64                __wrap___aeabi_dcmplt
 .text.__wrap___aeabi_dcmple
                0x0000000010003f70       0x10 CMakeFiles/glitcher.dir/_deps/pico_sdk-src/src/rp2_common/pico_double/double_aeabi_rp2040.S.o
                0x0000000010003f70                __wrap___aeabi_dcmple
 .text.__wrap___aeabi_dcmpge
                0x0000000010003f80       0x10 CMakeFiles/glitcher.dir/_deps/pico_sdk-src/src/rp2_common/pico_double/double_aeabi_rp2040.S.o
                0x0000000010003f80                __wrap___aeabi_dcmpge
 .text.__wrap___aeabi_dcmpgt
                0x0000000010003f90        0xa CMakeFiles/glitcher.dir/_deps/pico_sdk-src/src/rp2_common/pico_double/double_aeabi_rp2040.S.o
                0x0000000010003f90                __wrap___aeabi_dcmpgt
 .text.__wrap___aeabi_dcmpun
                0x0000000010003f9a       0x18 CMakeFiles/glitcher.dir/_deps/pico_sdk-src/src/rp2_common/pico_double/double_aeabi_rp2040.S.o
                0x0000000010003f9a                __wrap___aeabi_dcmpun
 *fill*         0x0000000010003fb2        0x2 
 .text.__wrap___aeabi_i2d
                0x0000000010003fb4       0x38 CMakeFiles/glitcher.dir/_deps/pico_sdk-src/src/rp2_common/pico_double/double_aeabi_rp2040.S.o
                0x0000000010003fb4                __wrap___aeabi_ui2d
                0x0000000010003fb4                uint2double
                0x0000000010003fbc                __wrap___aeabi_i2d
                0x0000000010003fbc                int2double
 .text.__wrap___aeabi_d2iz
                0x0000000010003fec       0x48 CMakeFiles/glitcher.dir/_deps/pico_sdk-src/src/rp2_common/pico_double/double_aeabi_rp2040.S.o
                0x0000000010003fec                __wrap___aeabi_d2iz
                0x0000000010003fec                double2int_z
 .text.__wrap___aeabi_d2uiz
                0x0000000010004034       0x18 CMakeFiles/glitcher.dir/_deps/pico_sdk-src/src/rp2_common/pico_double/double_aeabi_rp2040.S.o
                0x0000000010004034                double2uint_z
                0x0000000010004034                double2uint
                0x0000000010004034                __wrap___aeabi_d2uiz
 .text.__aeabi_double_init
                0x000000001000404c       0xa0 CMakeFiles/glitcher.dir/_deps/pico_sdk-src/src/rp2_common/pico_double/double_init_rom_rp2040.c.o
                0x000000001000404c                __aeabi_double_init
 .text.double_table_shim_on_use_helper
                0x00000000100040ec       0x2c CMakeFiles/glitcher.dir/_deps/pico_sdk-src/src/rp2_common/pico_double/double_v1_rom_shim_rp2040.S.o
                0x00000000100040ec                double_table_shim_on_use_helper
 .text.__wrap___aeabi_dsub
                0x0000000010004118       0x10 CMakeFiles/glitcher.dir/_deps/pico_sdk-src/src/rp2_common/pico_double/double_v1_rom_shim_rp2040.S.o
                0x0000000010004118                drsub_shim
                0x000000001000411e                dsub_shim
 .text.dadd_shim
                0x0000000010004128      0x15c CMakeFiles/glitcher.dir/_deps/pico_sdk-src/src/rp2_common/pico_double/double_v1_rom_shim_rp2040.S.o
                0x0000000010004128                dadd_shim
 .text.dmul_shim
                0x0000000010004284      0x15c CMakeFiles/glitcher.dir/_deps/pico_sdk-src/src/rp2_common/pico_double/double_v1_rom_shim_rp2040.S.o
                0x0000000010004284                dmul_shim
 .text.ddiv_shim
                0x00000000100043e0      0x1b0 CMakeFiles/glitcher.dir/_deps/pico_sdk-src/src/rp2_common/pico_double/double_v1_rom_shim_rp2040.S.o
                0x00000000100043e0                ddiv_shim
 .text.double2uint_shim
                0x0000000010004590        0xe CMakeFiles/glitcher.dir/_deps/pico_sdk-src/src/rp2_common/pico_double/double_v1_rom_shim_rp2040.S.o
                0x0000000010004590                double2uint_shim
                0x0000000010004592                double2ufix_shim
 *fill*         0x000000001000459e        0x2 
 .text.double2uint64_shim
                0x00000000100045a0       0x70 CMakeFiles/glitcher.dir/_deps/pico_sdk-src/src/rp2_common/pico_double/double_v1_rom_shim_rp2040.S.o
                0x00000000100045a0                double2uint64_shim
                0x00000000100045a2                double2ufix64_shim
                0x00000000100045c2                d2fix_a
 .text.dunpacks
                0x0000000010004610       0x3c CMakeFiles/glitcher.dir/_deps/pico_sdk-src/src/rp2_common/pico_double/double_v1_rom_shim_rp2040.S.o
                0x0000000010004610                dunpacks
 .text.__aeabi_lmul
                0x000000001000464c       0x32 CMakeFiles/glitcher.dir/_deps/pico_sdk-src/src/rp2_common/pico_int64_ops/pico_int64_ops_aeabi.S.o
                0x000000001000464c                __wrap___aeabi_lmul
 *fill*         0x000000001000467e        0x2 
 .text.__aeabi_float_init
                0x0000000010004680       0x64 CMakeFiles/glitcher.dir/_deps/pico_sdk-src/src/rp2_common/pico_float/float_init_rom_rp2040.c.o
                0x0000000010004680                __aeabi_float_init
 .text.float_table_shim_on_use_helper
                0x00000000100046e4       0x2c CMakeFiles/glitcher.dir/_deps/pico_sdk-src/src/rp2_common/pico_float/float_v1_rom_shim_rp2040.S.o
                0x00000000100046e4                float_table_shim_on_use_helper
 .text          0x0000000010004710       0x10 CMakeFiles/glitcher.dir/_deps/pico_sdk-src/src/rp2_common/pico_mem_ops/mem_ops_aeabi.S.o
                0x0000000010004710                __aeabi_mem_init
 .text.memset   0x0000000010004720        0xc CMakeFiles/glitcher.dir/_deps/pico_sdk-src/src/rp2_common/pico_mem_ops/mem_ops_aeabi.S.o
                0x0000000010004720                __wrap_memset
 .text.memcpy   0x000000001000472c        0xc CMakeFiles/glitcher.dir/_deps/pico_sdk-src/src/rp2_common/pico_mem_ops/mem_ops_aeabi.S.o
                0x000000001000472c                __wrap___aeabi_memcpy
                0x000000001000472c                __wrap_memcpy
 .text._out_buffer
                0x0000000010004738        0x8 CMakeFiles/glitcher.dir/_deps/pico_sdk-src/src/rp2_common/pico_printf/printf.c.o
 .text._out_null
                0x0000000010004740        0x4 CMakeFiles/glitcher.dir/_deps/pico_sdk-src/src/rp2_common/pico_printf/printf.c.o
 .text._out_rev
                0x0000000010004744       0x9c CMakeFiles/glitcher.dir/_deps/pico_sdk-src/src/rp2_common/pico_printf/printf.c.o
 .text._ntoa_format
                0x00000000100047e0      0x1cc CMakeFiles/glitcher.dir/_deps/pico_sdk-src/src/rp2_common/pico_printf/printf.c.o
 .text._out_char
                0x00000000100049ac       0x10 CMakeFiles/glitcher.dir/_deps/pico_sdk-src/src/rp2_common/pico_printf/printf.c.o
 .text._out_fct
                0x00000000100049bc       0x10 CMakeFiles/glitcher.dir/_deps/pico_sdk-src/src/rp2_common/pico_printf/printf.c.o
 .text._etoa    0x00000000100049cc      0x44c CMakeFiles/glitcher.dir/_deps/pico_sdk-src/src/rp2_common/pico_printf/printf.c.o
 .text._ftoa    0x0000000010004e18      0x398 CMakeFiles/glitcher.dir/_deps/pico_sdk-src/src/rp2_common/pico_printf/printf.c.o
 .text._vsnprintf
                0x00000000100051b0      0xb04 CMakeFiles/glitcher.dir/_deps/pico_sdk-src/src/rp2_common/pico_printf/printf.c.o
 .text.__wrap_sprintf
                0x0000000010005cb4       0x28 CMakeFiles/glitcher.dir/_deps/pico_sdk-src/src/rp2_common/pico_printf/printf.c.o
                0x0000000010005cb4                __wrap_sprintf
 .text.__wrap_snprintf
                0x0000000010005cdc       0x28 CMakeFiles/glitcher.dir/_deps/pico_sdk-src/src/rp2_common/pico_printf/printf.c.o
                0x0000000010005cdc                __wrap_snprintf
 .text.vfctprintf
                0x0000000010005d04       0x20 CMakeFiles/glitcher.dir/_deps/pico_sdk-src/src/rp2_common/pico_printf/printf.c.o
                0x0000000010005d04                vfctprintf
 .text.weak_raw_vprintf
                0x0000000010005d24       0x30 CMakeFiles/glitcher.dir/_deps/pico_sdk-src/src/rp2_common/pico_printf/printf.c.o
                0x0000000010005d24                weak_raw_vprintf
 .text._exit    0x0000000010005d54        0x4 CMakeFiles/glitcher.dir/_deps/pico_sdk-src/src/rp2_common/pico_clib_interface/newlib_interface.c.o
                0x0000000010005d54                _exit
 .text.exit     0x0000000010005d58        0x8 CMakeFiles/glitcher.dir/_deps/pico_sdk-src/src/rp2_common/pico_clib_interface/newlib_interface.c.o
                0x0000000010005d58                exit
 .text.runtime_init
                0x0000000010005d60       0x2c CMakeFiles/glitcher.dir/_deps/pico_sdk-src/src/rp2_common/pico_clib_interface/newlib_interface.c.o
                0x0000000010005d60                runtime_init
 .text.stdio_out_chars_no_crlf
                0x0000000010005d8c       0x10 CMakeFiles/glitcher.dir/_deps/pico_sdk-src/src/rp2_common/pico_stdio/stdio.c.o
 .text.stdio_out_chars_crlf
                0x0000000010005d9c       0xb4 CMakeFiles/glitcher.dir/_deps/pico_sdk-src/src/rp2_common/pico_stdio/stdio.c.o
 .text.stdio_buffered_printer
                0x0000000010005e50       0x64 CMakeFiles/glitcher.dir/_deps/pico_sdk-src/src/rp2_common/pico_stdio/stdio.c.o
 .text.stdio_put_string
                0x0000000010005eb4      0x100 CMakeFiles/glitcher.dir/_deps/pico_sdk-src/src/rp2_common/pico_stdio/stdio.c.o
                0x0000000010005eb4                stdio_put_string
 .text.stdio_set_driver_enabled
                0x0000000010005fb4       0x30 CMakeFiles/glitcher.dir/_deps/pico_sdk-src/src/rp2_common/pico_stdio/stdio.c.o
                0x0000000010005fb4                stdio_set_driver_enabled
 .text.__wrap_putchar
                0x0000000010005fe4       0x98 CMakeFiles/glitcher.dir/_deps/pico_sdk-src/src/rp2_common/pico_stdio/stdio.c.o
                0x0000000010005fe4                stdio_putchar
                0x0000000010005fe4                __wrap_putchar
 .text.__wrap_puts
                0x000000001000607c       0x3c CMakeFiles/glitcher.dir/_deps/pico_sdk-src/src/rp2_common/pico_stdio/stdio.c.o
                0x000000001000607c                __wrap_puts
                0x000000001000607c                stdio_puts
 .text.__wrap_vprintf
                0x00000000100060b8       0xd8 CMakeFiles/glitcher.dir/_deps/pico_sdk-src/src/rp2_common/pico_stdio/stdio.c.o
                0x00000000100060b8                __wrap_vprintf
                0x00000000100060b8                stdio_vprintf
 .text.__wrap_printf
                0x0000000010006190       0x18 CMakeFiles/glitcher.dir/_deps/pico_sdk-src/src/rp2_common/pico_stdio/stdio.c.o
                0x0000000010006190                stdio_printf
                0x0000000010006190                __wrap_printf
 .text.stdio_uart_out_chars
                0x00000000100061a8       0x4c CMakeFiles/glitcher.dir/_deps/pico_sdk-src/src/rp2_common/pico_stdio_uart/stdio_uart.c.o
 .text.stdio_uart_in_chars
                0x00000000100061f4       0x84 CMakeFiles/glitcher.dir/_deps/pico_sdk-src/src/rp2_common/pico_stdio_uart/stdio_uart.c.o
                0x00000000100061f4                stdio_uart_in_chars
 .text.on_uart_rx
                0x0000000010006278       0x28 CMakeFiles/glitcher.dir/_deps/pico_sdk-src/src/rp2_common/pico_stdio_uart/stdio_uart.c.o
 .text.stdio_uart_out_flush
                0x00000000100062a0       0x14 CMakeFiles/glitcher.dir/_deps/pico_sdk-src/src/rp2_common/pico_stdio_uart/stdio_uart.c.o
 .text.stdio_uart_set_chars_available_callback
                0x00000000100062b4       0x88 CMakeFiles/glitcher.dir/_deps/pico_sdk-src/src/rp2_common/pico_stdio_uart/stdio_uart.c.o
 .text.stdio_uart_init_full
                0x000000001000633c       0x3c CMakeFiles/glitcher.dir/_deps/pico_sdk-src/src/rp2_common/pico_stdio_uart/stdio_uart.c.o
                0x000000001000633c                stdio_uart_init_full
 .text.startup._retrieve_unique_id_on_boot
                0x0000000010006378       0x10 CMakeFiles/glitcher.dir/_deps/pico_sdk-src/src/rp2_common/pico_unique_id/unique_id.c.o
 .text.pico_get_unique_board_id_string
                0x0000000010006388      0x1a8 CMakeFiles/glitcher.dir/_deps/pico_sdk-src/src/rp2_common/pico_unique_id/unique_id.c.o
                0x0000000010006388                pico_get_unique_board_id_string
 .text.flash_get_unique_id
                0x0000000010006530       0x40 CMakeFiles/glitcher.dir/_deps/pico_sdk-src/src/rp2_common/hardware_flash/flash.c.o
                0x0000000010006530                flash_get_unique_id
 .text.dcd_init
                0x0000000010006570       0x90 CMakeFiles/glitcher.dir/_deps/pico_sdk-src/lib/tinyusb/src/portable/raspberrypi/rp2040/dcd_rp2040.c.o
                0x0000000010006570                dcd_init
 .text.dcd_int_enable
                0x0000000010006600        0xc CMakeFiles/glitcher.dir/_deps/pico_sdk-src/lib/tinyusb/src/portable/raspberrypi/rp2040/dcd_rp2040.c.o
                0x0000000010006600                dcd_int_enable
 .text.dcd_set_address
                0x000000001000660c       0x14 CMakeFiles/glitcher.dir/_deps/pico_sdk-src/lib/tinyusb/src/portable/raspberrypi/rp2040/dcd_rp2040.c.o
                0x000000001000660c                dcd_set_address
 .text.dcd_sof_enable
                0x0000000010006620       0x1c CMakeFiles/glitcher.dir/_deps/pico_sdk-src/lib/tinyusb/src/portable/raspberrypi/rp2040/dcd_rp2040.c.o
                0x0000000010006620                dcd_sof_enable
 .text.dcd_edpt0_status_complete
                0x000000001000663c       0x1c CMakeFiles/glitcher.dir/_deps/pico_sdk-src/lib/tinyusb/src/portable/raspberrypi/rp2040/dcd_rp2040.c.o
                0x000000001000663c                dcd_edpt0_status_complete
 .text.dcd_edpt_open
                0x0000000010006658      0x114 CMakeFiles/glitcher.dir/_deps/pico_sdk-src/lib/tinyusb/src/portable/raspberrypi/rp2040/dcd_rp2040.c.o
                0x0000000010006658                dcd_edpt_open
 .text.dcd_edpt_close_all
                0x000000001000676c        0x8 CMakeFiles/glitcher.dir/_deps/pico_sdk-src/lib/tinyusb/src/portable/raspberrypi/rp2040/dcd_rp2040.c.o
                0x000000001000676c                dcd_edpt_close_all
 .text.dcd_edpt_xfer
                0x0000000010006774       0x24 CMakeFiles/glitcher.dir/_deps/pico_sdk-src/lib/tinyusb/src/portable/raspberrypi/rp2040/dcd_rp2040.c.o
                0x0000000010006774                dcd_edpt_xfer
 .text.dcd_edpt_stall
                0x0000000010006798       0x38 CMakeFiles/glitcher.dir/_deps/pico_sdk-src/lib/tinyusb/src/portable/raspberrypi/rp2040/dcd_rp2040.c.o
                0x0000000010006798                dcd_edpt_stall
 .text.dcd_edpt_clear_stall
                0x00000000100067d0       0x30 CMakeFiles/glitcher.dir/_deps/pico_sdk-src/lib/tinyusb/src/portable/raspberrypi/rp2040/dcd_rp2040.c.o
                0x00000000100067d0                dcd_edpt_clear_stall
 .text.rp2040_usb_init
                0x0000000010006800       0x40 CMakeFiles/glitcher.dir/_deps/pico_sdk-src/lib/tinyusb/src/portable/raspberrypi/rp2040/rp2040_usb.c.o
                0x0000000010006800                rp2040_usb_init
 .text.hw_endpoint_xfer_start
                0x0000000010006840       0x50 CMakeFiles/glitcher.dir/_deps/pico_sdk-src/lib/tinyusb/src/portable/raspberrypi/rp2040/rp2040_usb.c.o
                0x0000000010006840                hw_endpoint_xfer_start
 .text.tud_vendor_control_xfer_cb
                0x0000000010006890        0x4 CMakeFiles/glitcher.dir/_deps/pico_sdk-src/lib/tinyusb/src/device/usbd.c.o
                0x0000000010006890                tud_vendor_control_xfer_cb
 .text.tud_event_hook_cb
                0x0000000010006894        0x4 CMakeFiles/glitcher.dir/_deps/pico_sdk-src/lib/tinyusb/src/device/usbd.c.o
                0x0000000010006894                tud_event_hook_cb
 .text.tud_sof_cb
                0x0000000010006898        0x4 CMakeFiles/glitcher.dir/_deps/pico_sdk-src/lib/tinyusb/src/device/usbd.c.o
                0x0000000010006898                tud_sof_cb
 .text.tud_descriptor_bos_cb
                0x000000001000689c        0x4 CMakeFiles/glitcher.dir/_deps/pico_sdk-src/lib/tinyusb/src/device/usbd.c.o
                0x000000001000689c                tud_descriptor_bos_cb
 .text.tud_mounted
                0x00000000100068a0       0x10 CMakeFiles/glitcher.dir/_deps/pico_sdk-src/lib/tinyusb/src/device/usbd.c.o
                0x00000000100068a0                tud_mounted
 .text.tud_suspended
                0x00000000100068b0       0x10 CMakeFiles/glitcher.dir/_deps/pico_sdk-src/lib/tinyusb/src/device/usbd.c.o
                0x00000000100068b0                tud_suspended
 .text.tud_rhport_init
                0x00000000100068c0       0xf0 CMakeFiles/glitcher.dir/_deps/pico_sdk-src/lib/tinyusb/src/device/usbd.c.o
                0x00000000100068c0                tud_rhport_init
 .text.tud_task_ext
                0x00000000100069b0      0x7bc CMakeFiles/glitcher.dir/_deps/pico_sdk-src/lib/tinyusb/src/device/usbd.c.o
                0x00000000100069b0                tud_task_ext
 .text.usbd_open_edpt_pair
                0x000000001000716c       0x9c CMakeFiles/glitcher.dir/_deps/pico_sdk-src/lib/tinyusb/src/device/usbd.c.o
                0x000000001000716c                usbd_open_edpt_pair
 .text.usbd_edpt_open
                0x0000000010007208       0x34 CMakeFiles/glitcher.dir/_deps/pico_sdk-src/lib/tinyusb/src/device/usbd.c.o
                0x0000000010007208                usbd_edpt_open
 .text.usbd_edpt_claim
                0x000000001000723c       0x28 CMakeFiles/glitcher.dir/_deps/pico_sdk-src/lib/tinyusb/src/device/usbd.c.o
                0x000000001000723c                usbd_edpt_claim
 .text.usbd_edpt_release
                0x0000000010007264       0x28 CMakeFiles/glitcher.dir/_deps/pico_sdk-src/lib/tinyusb/src/device/usbd.c.o
                0x0000000010007264                usbd_edpt_release
 .text.usbd_edpt_xfer
                0x000000001000728c       0x4c CMakeFiles/glitcher.dir/_deps/pico_sdk-src/lib/tinyusb/src/device/usbd.c.o
                0x000000001000728c                usbd_edpt_xfer
 .text.tud_control_status
                0x00000000100072d8       0x30 CMakeFiles/glitcher.dir/_deps/pico_sdk-src/lib/tinyusb/src/device/usbd_control.c.o
                0x00000000100072d8                tud_control_status
 .text.tud_control_xfer
                0x0000000010007308       0xbc CMakeFiles/glitcher.dir/_deps/pico_sdk-src/lib/tinyusb/src/device/usbd_control.c.o
                0x0000000010007308                tud_control_xfer
 .text.usbd_control_reset
                0x00000000100073c4       0x14 CMakeFiles/glitcher.dir/_deps/pico_sdk-src/lib/tinyusb/src/device/usbd_control.c.o
                0x00000000100073c4                usbd_control_reset
 .text.usbd_control_set_complete_callback
                0x00000000100073d8        0xc CMakeFiles/glitcher.dir/_deps/pico_sdk-src/lib/tinyusb/src/device/usbd_control.c.o
                0x00000000100073d8                usbd_control_set_complete_callback
 .text.usbd_control_set_request
                0x00000000100073e4       0x1c CMakeFiles/glitcher.dir/_deps/pico_sdk-src/lib/tinyusb/src/device/usbd_control.c.o
                0x00000000100073e4                usbd_control_set_request
 .text.usbd_control_xfer_cb
                0x0000000010007400       0xf0 CMakeFiles/glitcher.dir/_deps/pico_sdk-src/lib/tinyusb/src/device/usbd_control.c.o
                0x0000000010007400                usbd_control_xfer_cb
 .text._prep_out_transaction.isra.0
                0x00000000100074f0       0x74 CMakeFiles/glitcher.dir/_deps/pico_sdk-src/lib/tinyusb/src/class/cdc/cdc_device.c.o
 .text.tud_cdc_n_connected
                0x0000000010007564       0x34 CMakeFiles/glitcher.dir/_deps/pico_sdk-src/lib/tinyusb/src/class/cdc/cdc_device.c.o
                0x0000000010007564                tud_cdc_n_connected
 .text.tud_cdc_n_set_wanted_char
                0x0000000010007598       0x18 CMakeFiles/glitcher.dir/_deps/pico_sdk-src/lib/tinyusb/src/class/cdc/cdc_device.c.o
                0x0000000010007598                tud_cdc_n_set_wanted_char
 .text.tud_cdc_n_available
                0x00000000100075b0       0x20 CMakeFiles/glitcher.dir/_deps/pico_sdk-src/lib/tinyusb/src/class/cdc/cdc_device.c.o
                0x00000000100075b0                tud_cdc_n_available
 .text.tud_cdc_n_read
                0x00000000100075d0       0xa0 CMakeFiles/glitcher.dir/_deps/pico_sdk-src/lib/tinyusb/src/class/cdc/cdc_device.c.o
                0x00000000100075d0                tud_cdc_n_read
 .text.tud_cdc_n_write_flush
                0x0000000010007670       0x7c CMakeFiles/glitcher.dir/_deps/pico_sdk-src/lib/tinyusb/src/class/cdc/cdc_device.c.o
                0x0000000010007670                tud_cdc_n_write_flush
 .text.tud_cdc_n_write
                0x00000000100076ec       0x48 CMakeFiles/glitcher.dir/_deps/pico_sdk-src/lib/tinyusb/src/class/cdc/cdc_device.c.o
                0x00000000100076ec                tud_cdc_n_write
 .text.tud_cdc_n_write_available
                0x0000000010007734       0x20 CMakeFiles/glitcher.dir/_deps/pico_sdk-src/lib/tinyusb/src/class/cdc/cdc_device.c.o
                0x0000000010007734                tud_cdc_n_write_available
 .text.cdcd_init
                0x0000000010007754      0x10c CMakeFiles/glitcher.dir/_deps/pico_sdk-src/lib/tinyusb/src/class/cdc/cdc_device.c.o
                0x0000000010007754                cdcd_init
 .text.cdcd_deinit
                0x0000000010007860       0x4c CMakeFiles/glitcher.dir/_deps/pico_sdk-src/lib/tinyusb/src/class/cdc/cdc_device.c.o
                0x0000000010007860                cdcd_deinit
 .text.cdcd_reset
                0x00000000100078ac       0x88 CMakeFiles/glitcher.dir/_deps/pico_sdk-src/lib/tinyusb/src/class/cdc/cdc_device.c.o
                0x00000000100078ac                cdcd_reset
 .text.cdcd_open
                0x0000000010007934       0xcc CMakeFiles/glitcher.dir/_deps/pico_sdk-src/lib/tinyusb/src/class/cdc/cdc_device.c.o
                0x0000000010007934                cdcd_open
 .text.cdcd_control_xfer_cb
                0x0000000010007a00      0x100 CMakeFiles/glitcher.dir/_deps/pico_sdk-src/lib/tinyusb/src/class/cdc/cdc_device.c.o
                0x0000000010007a00                cdcd_control_xfer_cb
 .text.cdcd_xfer_cb
                0x0000000010007b00      0x158 CMakeFiles/glitcher.dir/_deps/pico_sdk-src/lib/tinyusb/src/class/cdc/cdc_device.c.o
                0x0000000010007b00                cdcd_xfer_cb
 .text.tusb_rhport_init
                0x0000000010007c58       0x48 CMakeFiles/glitcher.dir/_deps/pico_sdk-src/lib/tinyusb/src/tusb.c.o
                0x0000000010007c58                tusb_rhport_init
 .text.tu_edpt_claim
                0x0000000010007ca0       0x50 CMakeFiles/glitcher.dir/_deps/pico_sdk-src/lib/tinyusb/src/tusb.c.o
                0x0000000010007ca0                tu_edpt_claim
 .text.tu_edpt_release
                0x0000000010007cf0       0x38 CMakeFiles/glitcher.dir/_deps/pico_sdk-src/lib/tinyusb/src/tusb.c.o
                0x0000000010007cf0                tu_edpt_release
 .text.tu_edpt_validate
                0x0000000010007d28       0x78 CMakeFiles/glitcher.dir/_deps/pico_sdk-src/lib/tinyusb/src/tusb.c.o
                0x0000000010007d28                tu_edpt_validate
 .text.tu_edpt_bind_driver
                0x0000000010007da0       0x34 CMakeFiles/glitcher.dir/_deps/pico_sdk-src/lib/tinyusb/src/tusb.c.o
                0x0000000010007da0                tu_edpt_bind_driver
 .text.tu_fifo_config
                0x0000000010007dd4       0x70 CMakeFiles/glitcher.dir/_deps/pico_sdk-src/lib/tinyusb/src/common/tusb_fifo.c.o
                0x0000000010007dd4                tu_fifo_config
 .text.tu_fifo_count
                0x0000000010007e44       0x2c CMakeFiles/glitcher.dir/_deps/pico_sdk-src/lib/tinyusb/src/common/tusb_fifo.c.o
                0x0000000010007e44                tu_fifo_count
 .text.tu_fifo_empty
                0x0000000010007e70       0x10 CMakeFiles/glitcher.dir/_deps/pico_sdk-src/lib/tinyusb/src/common/tusb_fifo.c.o
                0x0000000010007e70                tu_fifo_empty
 .text.tu_fifo_remaining
                0x0000000010007e80       0x2c CMakeFiles/glitcher.dir/_deps/pico_sdk-src/lib/tinyusb/src/common/tusb_fifo.c.o
                0x0000000010007e80                tu_fifo_remaining
 .text.tu_fifo_read
                0x0000000010007eac       0xa0 CMakeFiles/glitcher.dir/_deps/pico_sdk-src/lib/tinyusb/src/common/tusb_fifo.c.o
                0x0000000010007eac                tu_fifo_read
 .text.tu_fifo_read_n
                0x0000000010007f4c       0xec CMakeFiles/glitcher.dir/_deps/pico_sdk-src/lib/tinyusb/src/common/tusb_fifo.c.o
                0x0000000010007f4c                tu_fifo_read_n
 .text.tu_fifo_write
                0x0000000010008038       0x88 CMakeFiles/glitcher.dir/_deps/pico_sdk-src/lib/tinyusb/src/common/tusb_fifo.c.o
                0x0000000010008038                tu_fifo_write
 .text.tu_fifo_write_n
                0x00000000100080c0      0x168 CMakeFiles/glitcher.dir/_deps/pico_sdk-src/lib/tinyusb/src/common/tusb_fifo.c.o
                0x00000000100080c0                tu_fifo_write_n
 .text.tu_fifo_clear
                0x0000000010008228       0x40 CMakeFiles/glitcher.dir/_deps/pico_sdk-src/lib/tinyusb/src/common/tusb_fifo.c.o
                0x0000000010008228                tu_fifo_clear
 .text.tu_fifo_set_overwritable
                0x0000000010008268       0x48 CMakeFiles/glitcher.dir/_deps/pico_sdk-src/lib/tinyusb/src/common/tusb_fifo.c.o
                0x0000000010008268                tu_fifo_set_overwritable
 .text.board_init
                0x00000000100082b0       0x30 CMakeFiles/glitcher.dir/_deps/pico_sdk-src/lib/tinyusb/hw/bsp/rp2040/family.c.o
                0x00000000100082b0                board_init
 .text.board_led_write
                0x00000000100082e0       0x14 CMakeFiles/glitcher.dir/_deps/pico_sdk-src/lib/tinyusb/hw/bsp/rp2040/family.c.o
                0x00000000100082e0                board_led_write
 .text.pio_claim_sm_mask
                0x00000000100082f4       0x54 CMakeFiles/glitcher.dir/_deps/pico_sdk-src/src/rp2_common/hardware_pio/pio.c.o
                0x00000000100082f4                pio_claim_sm_mask
 .text.pio_add_program
                0x0000000010008348       0xf4 CMakeFiles/glitcher.dir/_deps/pico_sdk-src/src/rp2_common/hardware_pio/pio.c.o
                0x0000000010008348                pio_add_program
 .text.pio_sm_set_consecutive_pindirs
                0x000000001000843c       0xbc CMakeFiles/glitcher.dir/_deps/pico_sdk-src/src/rp2_common/hardware_pio/pio.c.o
                0x000000001000843c                pio_sm_set_consecutive_pindirs
 .text.pio_sm_init
                0x00000000100084f8       0x94 CMakeFiles/glitcher.dir/_deps/pico_sdk-src/src/rp2_common/hardware_pio/pio.c.o
                0x00000000100084f8                pio_sm_init
 .text.dma_claim_mask
                0x000000001000858c       0x40 CMakeFiles/glitcher.dir/_deps/pico_sdk-src/src/rp2_common/hardware_dma/dma.c.o
                0x000000001000858c                dma_claim_mask
 .text          0x00000000100085cc       0x88 /usr/lib/gcc/arm-none-eabi/10.3.1/../../../arm-none-eabi/lib/thumb/v6-m/nofp/libg.a(lib_a-strcmp.o)
                0x00000000100085cc                strcmp
 .text          0x0000000010008654       0x5c /usr/lib/gcc/arm-none-eabi/10.3.1/../../../arm-none-eabi/lib/thumb/v6-m/nofp/libg.a(lib_a-strlen-stub.o)
                0x0000000010008654                strlen
 .text          0x00000000100086b0       0x6c /usr/lib/gcc/arm-none-eabi/10.3.1/../../../arm-none-eabi/lib/thumb/v6-m/nofp/libg.a(lib_a-strncpy.o)
                0x00000000100086b0                strncpy
 .text          0x000000001000871c       0x14 /usr/lib/gcc/arm-none-eabi/10.3.1/../../../arm-none-eabi/lib/thumb/v6-m/nofp/libg.a(lib_a-strtok.o)
                0x000000001000871c                strtok
 .text          0x0000000010008730       0x78 /usr/lib/gcc/arm-none-eabi/10.3.1/../../../arm-none-eabi/lib/thumb/v6-m/nofp/libg.a(lib_a-strtok_r.o)
                0x0000000010008730                __strtok_r
                0x000000001000879c                strtok_r
 .text          0x00000000100087a8      0x1b8 /usr/lib/gcc/arm-none-eabi/10.3.1/../../../arm-none-eabi/lib/thumb/v6-m/nofp/libg.a(lib_a-strtol.o)
                0x00000000100088ec                _strtol_r
                0x0000000010008908                strtol_l
                0x0000000010008934                strtol
 .text          0x0000000010008960      0x180 /usr/lib/gcc/arm-none-eabi/10.3.1/../../../arm-none-eabi/lib/thumb/v6-m/nofp/libg.a(lib_a-strtoul.o)
                0x0000000010008aa8                _strtoul_r
                0x0000000010008ab0                strtoul_l
                0x0000000010008ac8                strtoul
 .text          0x0000000010008ae0        0xc /usr/lib/gcc/arm-none-eabi/10.3.1/../../../arm-none-eabi/lib/thumb/v6-m/nofp/libg.a(lib_a-errno.o)
                0x0000000010008ae0                __errno
 *(.fini)
 .fini          0x0000000010008aec        0x4 /usr/lib/gcc/arm-none-eabi/10.3.1/thumb/v6-m/nofp/crti.o
                0x0000000010008aec                _fini
 .fini.__stub   0x0000000010008af0       0xc0 linker stubs
 *crtbegin.o(.ctors)
 *crtbegin?.o(.ctors)
 *(EXCLUDE_FILE(*crtend.o *crtend?.o) .ctors)
 *(SORT_BY_NAME(.ctors.*))
 *(.ctors)
 *crtbegin.o(.dtors)
 *crtbegin?.o(.dtors)
 *(EXCLUDE_FILE(*crtend.o *crtend?.o) .dtors)
 *(SORT_BY_NAME(.dtors.*))
 *(.dtors)
                0x0000000010008bb0                . = ALIGN (0x4)
                0x0000000010008bb0                PROVIDE (__preinit_array_start = .)
 *(SORT_BY_NAME(.preinit_array.*))
 .preinit_array.00100
                0x0000000010008bb0        0x4 CMakeFiles/glitcher.dir/_deps/pico_sdk-src/src/rp2_common/pico_runtime_init/runtime_init.c.o
                0x0000000010008bb0                __pre_init_runtime_init_early_resets
 .preinit_array.00101
                0x0000000010008bb4        0x4 CMakeFiles/glitcher.dir/_deps/pico_sdk-src/src/rp2_common/pico_runtime_init/runtime_init.c.o
                0x0000000010008bb4                __pre_init_runtime_init_usb_power_down
 .preinit_array.00275
                0x0000000010008bb8        0x4 CMakeFiles/glitcher.dir/_deps/pico_sdk-src/src/rp2_common/pico_bit_ops/bit_ops_aeabi.S.o
 .preinit_array.00300
                0x0000000010008bbc        0x4 CMakeFiles/glitcher.dir/_deps/pico_sdk-src/src/rp2_common/pico_mem_ops/mem_ops_aeabi.S.o
 .preinit_array.00350
                0x0000000010008bc0        0x4 CMakeFiles/glitcher.dir/_deps/pico_sdk-src/src/rp2_common/pico_double/double_aeabi_rp2040.S.o
 .preinit_array.00350
                0x0000000010008bc4        0x4 CMakeFiles/glitcher.dir/_deps/pico_sdk-src/src/rp2_common/pico_float/float_aeabi_rp2040.S.o
 .preinit_array.00500
                0x0000000010008bc8        0x4 CMakeFiles/glitcher.dir/_deps/pico_sdk-src/src/rp2_common/pico_runtime_init/runtime_init.c.o
                0x0000000010008bc8                __pre_init_runtime_init_clocks
 .preinit_array.00600
                0x0000000010008bcc        0x4 CMakeFiles/glitcher.dir/_deps/pico_sdk-src/src/rp2_common/pico_runtime_init/runtime_init.c.o
                0x0000000010008bcc                __pre_init_runtime_init_post_clock_resets
 .preinit_array.00700
                0x0000000010008bd0        0x4 CMakeFiles/glitcher.dir/_deps/pico_sdk-src/src/rp2_common/pico_runtime_init/runtime_init.c.o
                0x0000000010008bd0                __pre_init_runtime_init_rp2040_gpio_ie_disable
 .preinit_array.01000
                0x0000000010008bd4        0x4 CMakeFiles/glitcher.dir/_deps/pico_sdk-src/src/rp2_common/pico_runtime_init/runtime_init.c.o
                0x0000000010008bd4                __pre_init_runtime_init_spin_locks_reset
 .preinit_array.01100
                0x0000000010008bd8        0x4 CMakeFiles/glitcher.dir/_deps/pico_sdk-src/src/common/pico_sync/mutex.c.o
                0x0000000010008bd8                __pre_init_runtime_init_mutex
 .preinit_array.10080
                0x0000000010008bdc        0x4 CMakeFiles/glitcher.dir/_deps/pico_sdk-src/src/rp2_common/pico_runtime_init/runtime_init.c.o
                0x0000000010008bdc                __pre_init_runtime_init_install_ram_vector_table
 .preinit_array.11000
                0x0000000010008be0        0x4 CMakeFiles/glitcher.dir/_deps/pico_sdk-src/src/common/pico_time/time.c.o
                0x0000000010008be0                __pre_init_runtime_init_default_alarm_pool
 .preinit_array.YYYYY
                0x0000000010008be4        0x4 CMakeFiles/glitcher.dir/_deps/pico_sdk-src/src/rp2_common/pico_runtime/runtime.c.o
                0x0000000010008be4                __pre_init_first_per_core_initializer
 .preinit_array.ZZZZZ.01200
                0x0000000010008be8        0x4 CMakeFiles/glitcher.dir/_deps/pico_sdk-src/src/rp2_common/hardware_irq/irq.c.o
                0x0000000010008be8                __pre_init_runtime_init_per_core_irq_priorities
 *(.preinit_array)
                0x0000000010008bec                PROVIDE (__preinit_array_end = .)
                0x0000000010008bec                . = ALIGN (0x4)
                0x0000000010008bec                PROVIDE (__init_array_start = .)
 *(SORT_BY_NAME(.init_array.*))
 *(.init_array)
 .init_array    0x0000000010008bec        0x4 /usr/lib/gcc/arm-none-eabi/10.3.1/thumb/v6-m/nofp/crtbegin.o
 .init_array    0x0000000010008bf0        0x4 CMakeFiles/glitcher.dir/_deps/pico_sdk-src/src/rp2_common/pico_unique_id/unique_id.c.o
                0x0000000010008bf4                PROVIDE (__init_array_end = .)
                0x0000000010008bf4                . = ALIGN (0x4)
                0x0000000010008bf4                PROVIDE (__fini_array_start = .)
 *(SORT_BY_NAME(.fini_array.*))
 *(.fini_array)
                0x0000000010008bf4                PROVIDE (__fini_array_end = .)
 *(.eh_frame*)
 .eh_frame      0x0000000010008bf4        0x0 /usr/lib/gcc/arm-none-eabi/10.3.1/thumb/v6-m/nofp/crtbegin.o
                0x0000000010008bf4                . = ALIGN (0x4)

.glue_7         0x0000000010008bf4        0x0
 .glue_7        0x0000000010008bf4        0x0 linker stubs

.glue_7t        0x0000000010008bf4        0x0
 .glue_7t       0x0000000010008bf4        0x0 linker stubs

.vfp11_veneer   0x0000000010008bf4        0x0
 .vfp11_veneer  0x0000000010008bf4        0x0 linker stubs

.v4_bx          0x0000000010008bf4        0x0
 .v4_bx         0x0000000010008bf4        0x0 linker stubs

.iplt           0x0000000010008bf4        0x0
 .iplt          0x0000000010008bf4        0x0 /usr/lib/gcc/arm-none-eabi/10.3.1/thumb/v6-m/nofp/crtbegin.o

.rodata         0x0000000010008bf8      0xa98
 *(EXCLUDE_FILE(*libm.a: *libc.a:*lib_a-mem*.o *libgcc.a:) .rodata*)
 .rodata.parse_scpi_command.str1.4
                0x0000000010008bf8       0x5a CMakeFiles/glitcher.dir/main.c.o
 *fill*         0x0000000010008c52        0x2 
 .rodata.parse_scpi_command
                0x0000000010008c54       0x60 CMakeFiles/glitcher.dir/main.c.o
 .rodata.tud_cdc_rx_wanted_cb.str1.4
                0x0000000010008cb4        0x6 CMakeFiles/glitcher.dir/main.c.o
 *fill*         0x0000000010008cba        0x2 
 .rodata.str1.4
                0x0000000010008cbc       0x98 CMakeFiles/glitcher.dir/main.c.o
 .rodata.str1.4
                0x0000000010008d54       0x4d CMakeFiles/glitcher.dir/usb_descriptors.c.o
 *fill*         0x0000000010008da1        0x3 
 .rodata        0x0000000010008da4       0x8d CMakeFiles/glitcher.dir/usb_descriptors.c.o
 *fill*         0x0000000010008e31        0x3 
 .rodata.__compound_literal.0
                0x0000000010008e34        0x2 CMakeFiles/glitcher.dir/usb_descriptors.c.o
 *fill*         0x0000000010008e36        0x2 
 .rodata.desc_configuration
                0x0000000010008e38       0x8d CMakeFiles/glitcher.dir/usb_descriptors.c.o
                0x0000000010008e38                desc_configuration
 *fill*         0x0000000010008ec5        0x3 
 .rodata.desc_device
                0x0000000010008ec8       0x12 CMakeFiles/glitcher.dir/usb_descriptors.c.o
                0x0000000010008ec8                desc_device
 *fill*         0x0000000010008eda        0x2 
 .rodata.desc_device_qualifier
                0x0000000010008edc        0xa CMakeFiles/glitcher.dir/usb_descriptors.c.o
                0x0000000010008edc                desc_device_qualifier
 *fill*         0x0000000010008ee6        0x2 
 .rodata.sump_rx.part.0.str1.4
                0x0000000010008ee8       0x49 CMakeFiles/glitcher.dir/cdc_sump.c.o
 *fill*         0x0000000010008f31        0x3 
 .rodata.sump_rx.part.0
                0x0000000010008f34      0x17c CMakeFiles/glitcher.dir/cdc_sump.c.o
 .rodata.timer_hardware_alarm_claim.str1.4
                0x00000000100090b0       0x22 CMakeFiles/glitcher.dir/_deps/pico_sdk-src/src/rp2_common/hardware_timer/timer.c.o
 *fill*         0x00000000100090d2        0x2 
 .rodata.panic.str1.4
                0x00000000100090d4       0x10 CMakeFiles/glitcher.dir/_deps/pico_sdk-src/src/rp2_common/pico_platform_panic/panic.c.o
                                         0x12 (size before relaxing)
 .rodata.spin_lock_claim_unused.str1.4
                0x00000000100090e4       0x1b CMakeFiles/glitcher.dir/_deps/pico_sdk-src/src/rp2_common/hardware_sync/sync.c.o
 *fill*         0x00000000100090ff        0x1 
 .rodata.hard_assertion_failure.str1.4
                0x0000000010009100        0xc CMakeFiles/glitcher.dir/_deps/pico_sdk-src/src/rp2_common/pico_runtime/runtime.c.o
 .rodata.str1.4
                0x000000001000910c       0x40 CMakeFiles/glitcher.dir/_deps/pico_sdk-src/src/rp2_common/pico_standard_binary_info/standard_binary_info.c.o
 .rodata.__bi_26
                0x000000001000914c        0xc CMakeFiles/glitcher.dir/_deps/pico_sdk-src/src/rp2_common/pico_standard_binary_info/standard_binary_info.c.o
 .rodata.__bi_34
                0x0000000010009158        0xc CMakeFiles/glitcher.dir/_deps/pico_sdk-src/src/rp2_common/pico_standard_binary_info/standard_binary_info.c.o
 .rodata.__bi_42
                0x0000000010009164        0xc CMakeFiles/glitcher.dir/_deps/pico_sdk-src/src/rp2_common/pico_standard_binary_info/standard_binary_info.c.o
 .rodata.__bi_48
                0x0000000010009170        0xc CMakeFiles/glitcher.dir/_deps/pico_sdk-src/src/rp2_common/pico_standard_binary_info/standard_binary_info.c.o
 .rodata.__bi_54
                0x000000001000917c        0xc CMakeFiles/glitcher.dir/_deps/pico_sdk-src/src/rp2_common/pico_standard_binary_info/standard_binary_info.c.o
 .rodata.__bi_78
                0x0000000010009188        0xc CMakeFiles/glitcher.dir/_deps/pico_sdk-src/src/rp2_common/pico_standard_binary_info/standard_binary_info.c.o
 .rodata.__bi_84
                0x0000000010009194        0xc CMakeFiles/glitcher.dir/_deps/pico_sdk-src/src/rp2_common/pico_standard_binary_info/standard_binary_info.c.o
 .rodata._ftoa.str1.4
                0x00000000100091a0       0x15 CMakeFiles/glitcher.dir/_deps/pico_sdk-src/src/rp2_common/pico_printf/printf.c.o
 *fill*         0x00000000100091b5        0x3 
 .rodata._vsnprintf
                0x00000000100091b8      0x1e0 CMakeFiles/glitcher.dir/_deps/pico_sdk-src/src/rp2_common/pico_printf/printf.c.o
 .rodata.pow10.0
                0x0000000010009398       0x50 CMakeFiles/glitcher.dir/_deps/pico_sdk-src/src/rp2_common/pico_printf/printf.c.o
 .rodata.crlf_str.0
                0x00000000100093e8        0x2 CMakeFiles/glitcher.dir/_deps/pico_sdk-src/src/rp2_common/pico_stdio/stdio.c.o
 *fill*         0x00000000100093ea        0x2 
 .rodata.str1.4
                0x00000000100093ec       0x14 CMakeFiles/glitcher.dir/_deps/pico_sdk-src/lib/tinyusb/src/portable/raspberrypi/rp2040/dcd_rp2040.c.o
 .rodata.str1.4
                0x0000000010009400       0x48 CMakeFiles/glitcher.dir/_deps/pico_sdk-src/lib/tinyusb/src/portable/raspberrypi/rp2040/rp2040_usb.c.o
 .rodata.tud_task_ext
                0x0000000010009448       0x8c CMakeFiles/glitcher.dir/_deps/pico_sdk-src/lib/tinyusb/src/device/usbd.c.o
 .rodata        0x00000000100094d4       0x1c CMakeFiles/glitcher.dir/_deps/pico_sdk-src/lib/tinyusb/src/device/usbd.c.o
 .rodata._usbd_driver
                0x00000000100094f0       0x20 CMakeFiles/glitcher.dir/_deps/pico_sdk-src/lib/tinyusb/src/device/usbd.c.o
 .rodata.str1.4
                0x0000000010009510        0x4 CMakeFiles/glitcher.dir/_deps/pico_sdk-src/lib/tinyusb/hw/bsp/rp2040/family.c.o
 .rodata.__bi_153.0
                0x0000000010009514        0xc CMakeFiles/glitcher.dir/_deps/pico_sdk-src/lib/tinyusb/hw/bsp/rp2040/family.c.o
 .rodata.__bi_163.1
                0x0000000010009520        0x8 CMakeFiles/glitcher.dir/_deps/pico_sdk-src/lib/tinyusb/hw/bsp/rp2040/family.c.o
 .rodata.pio_sm_claim.str1.4
                0x0000000010009528       0x40 CMakeFiles/glitcher.dir/_deps/pico_sdk-src/src/rp2_common/hardware_pio/pio.c.o
 .rodata.dma_channel_claim.str1.4
                0x0000000010009568       0x22 CMakeFiles/glitcher.dir/_deps/pico_sdk-src/src/rp2_common/hardware_dma/dma.c.o
 *fill*         0x000000001000958a        0x2 
 .rodata        0x000000001000958c      0x101 /usr/lib/gcc/arm-none-eabi/10.3.1/../../../arm-none-eabi/lib/thumb/v6-m/nofp/libg.a(lib_a-ctype_.o)
                0x000000001000958c                _ctype_
                0x0000000010009690                . = ALIGN (0x4)
 *fill*         0x000000001000968d        0x3 
 *(SORT_BY_ALIGNMENT(SORT_BY_NAME(.flashdata*)))
                0x0000000010009690                . = ALIGN (0x4)

.ARM.extab
 *(.ARM.extab* .gnu.linkonce.armextab.*)
                0x0000000010009690                __exidx_start = .

.ARM.exidx
 *(.ARM.exidx* .gnu.linkonce.armexidx.*)
                0x0000000010009690                __exidx_end = .
                0x0000000010009690                . = ALIGN (0x4)
                0x0000000010009690                __binary_info_start = .

.binary_info    0x0000000010009690       0x24
 *(.binary_info.keep.*)
 .binary_info.keep.__bi_ptr26
                0x0000000010009690        0x4 CMakeFiles/glitcher.dir/_deps/pico_sdk-src/src/rp2_common/pico_standard_binary_info/standard_binary_info.c.o
 .binary_info.keep.__bi_ptr34
                0x0000000010009694        0x4 CMakeFiles/glitcher.dir/_deps/pico_sdk-src/src/rp2_common/pico_standard_binary_info/standard_binary_info.c.o
 .binary_info.keep.__bi_ptr42
                0x0000000010009698        0x4 CMakeFiles/glitcher.dir/_deps/pico_sdk-src/src/rp2_common/pico_standard_binary_info/standard_binary_info.c.o
 .binary_info.keep.__bi_ptr48
                0x000000001000969c        0x4 CMakeFiles/glitcher.dir/_deps/pico_sdk-src/src/rp2_common/pico_standard_binary_info/standard_binary_info.c.o
 .binary_info.keep.__bi_ptr54
                0x00000000100096a0        0x4 CMakeFiles/glitcher.dir/_deps/pico_sdk-src/src/rp2_common/pico_standard_binary_info/standard_binary_info.c.o
 .binary_info.keep.__bi_ptr78
                0x00000000100096a4        0x4 CMakeFiles/glitcher.dir/_deps/pico_sdk-src/src/rp2_common/pico_standard_binary_info/standard_binary_info.c.o
 .binary_info.keep.__bi_ptr84
                0x00000000100096a8        0x4 CMakeFiles/glitcher.dir/_deps/pico_sdk-src/src/rp2_common/pico_standard_binary_info/standard_binary_info.c.o
 .binary_info.keep.__bi_ptr153
                0x00000000100096ac        0x4 CMakeFiles/glitcher.dir/_deps/pico_sdk-src/lib/tinyusb/hw/bsp/rp2040/family.c.o
 .binary_info.keep.__bi_ptr163
                0x00000000100096b0        0x4 CMakeFiles/glitcher.dir/_deps/pico_sdk-src/lib/tinyusb/hw/bsp/rp2040/family.c.o
 *(.binary_info.*)
                0x00000000100096b4                __binary_info_end = .

.rel.dyn        0x00000000100096b4        0x0
 .rel.iplt      0x00000000100096b4        0x0 /usr/lib/gcc/arm-none-eabi/10.3.1/thumb/v6-m/nofp/crtbegin.o
                0x00000000100096b4                . = ALIGN (0x4)

.ram_vector_table
                0x0000000020000000       0xc0
 *(.ram_vector_table)
 .ram_vector_table
                0x0000000020000000       0xc0 CMakeFiles/glitcher.dir/_deps/pico_sdk-src/src/rp2_common/pico_runtime_init/runtime_init.c.o
                0x0000000020000000                ram_vector_table

.uninitialized_data
                0x00000000200000c0        0x0
                0x00000000200000c0                . = ALIGN (0x4)
 *(.uninitialized_data*)

.data           0x00000000200000c0     0x1408 load address 0x00000000100096b4
                0x00000000200000c0                __data_start__ = .
 *(vtable)
 *(.time_critical*)
 .time_critical.mutex_try_enter_block_until
                0x00000000200000c0       0x9c CMakeFiles/glitcher.dir/_deps/pico_sdk-src/src/common/pico_sync/mutex.c.o
                0x00000000200000c0                mutex_try_enter_block_until
 .time_critical.mutex_enter_timeout_ms
                0x000000002000015c       0x90 CMakeFiles/glitcher.dir/_deps/pico_sdk-src/src/common/pico_sync/mutex.c.o
                0x000000002000015c                mutex_enter_timeout_ms
 .time_critical.mutex_exit
                0x00000000200001ec       0x28 CMakeFiles/glitcher.dir/_deps/pico_sdk-src/src/common/pico_sync/mutex.c.o
                0x00000000200001ec                mutex_exit
 .time_critical.flash_init_boot2_copyout
                0x0000000020000214       0x30 CMakeFiles/glitcher.dir/_deps/pico_sdk-src/src/rp2_common/hardware_flash/flash.c.o
 .time_critical.flash_enable_xip_via_boot2
                0x0000000020000244       0x10 CMakeFiles/glitcher.dir/_deps/pico_sdk-src/src/rp2_common/hardware_flash/flash.c.o
 .time_critical.flash_cs_force
                0x0000000020000254       0x38 CMakeFiles/glitcher.dir/_deps/pico_sdk-src/src/rp2_common/hardware_flash/flash.c.o
 .time_critical.flash_do_cmd
                0x000000002000028c       0xc4 CMakeFiles/glitcher.dir/_deps/pico_sdk-src/src/rp2_common/hardware_flash/flash.c.o
                0x000000002000028c                flash_do_cmd
 .time_critical.reset_non_control_endpoints
                0x0000000020000350       0xbc CMakeFiles/glitcher.dir/_deps/pico_sdk-src/lib/tinyusb/src/portable/raspberrypi/rp2040/dcd_rp2040.c.o
 .time_critical.hw_handle_buff_status
                0x000000002000040c       0x98 CMakeFiles/glitcher.dir/_deps/pico_sdk-src/lib/tinyusb/src/portable/raspberrypi/rp2040/dcd_rp2040.c.o
 .time_critical.dcd_rp2040_irq
                0x00000000200004a4      0x530 CMakeFiles/glitcher.dir/_deps/pico_sdk-src/lib/tinyusb/src/portable/raspberrypi/rp2040/dcd_rp2040.c.o
 .time_critical.prepare_ep_buffer
                0x00000000200009d4       0xf4 CMakeFiles/glitcher.dir/_deps/pico_sdk-src/lib/tinyusb/src/portable/raspberrypi/rp2040/rp2040_usb.c.o
 .time_critical.sync_ep_buffer
                0x0000000020000ac8       0xb4 CMakeFiles/glitcher.dir/_deps/pico_sdk-src/lib/tinyusb/src/portable/raspberrypi/rp2040/rp2040_usb.c.o
 .time_critical._hw_endpoint_xfer_sync
                0x0000000020000b7c       0x28 CMakeFiles/glitcher.dir/_deps/pico_sdk-src/lib/tinyusb/src/portable/raspberrypi/rp2040/rp2040_usb.c.o
 .time_critical.e15_is_bulkin_ep
                0x0000000020000ba4       0x28 CMakeFiles/glitcher.dir/_deps/pico_sdk-src/lib/tinyusb/src/portable/raspberrypi/rp2040/rp2040_usb.c.o
 .time_critical.e15_is_critical_frame_period
                0x0000000020000bcc       0x34 CMakeFiles/glitcher.dir/_deps/pico_sdk-src/lib/tinyusb/src/portable/raspberrypi/rp2040/rp2040_usb.c.o
 .time_critical.hw_endpoint_reset_transfer
                0x0000000020000c00        0xc CMakeFiles/glitcher.dir/_deps/pico_sdk-src/lib/tinyusb/src/portable/raspberrypi/rp2040/rp2040_usb.c.o
                0x0000000020000c00                hw_endpoint_reset_transfer
 .time_critical._hw_endpoint_buffer_control_update32
                0x0000000020000c0c       0x50 CMakeFiles/glitcher.dir/_deps/pico_sdk-src/lib/tinyusb/src/portable/raspberrypi/rp2040/rp2040_usb.c.o
                0x0000000020000c0c                _hw_endpoint_buffer_control_update32
 .time_critical.hw_endpoint_start_next_buffer
                0x0000000020000c5c       0x6c CMakeFiles/glitcher.dir/_deps/pico_sdk-src/lib/tinyusb/src/portable/raspberrypi/rp2040/rp2040_usb.c.o
                0x0000000020000c5c                hw_endpoint_start_next_buffer
 .time_critical.hw_endpoint_xfer_continue
                0x0000000020000cc8       0x40 CMakeFiles/glitcher.dir/_deps/pico_sdk-src/lib/tinyusb/src/portable/raspberrypi/rp2040/rp2040_usb.c.o
                0x0000000020000cc8                hw_endpoint_xfer_continue
 .time_critical.tinyusb
                0x0000000020000d08      0x1e8 CMakeFiles/glitcher.dir/_deps/pico_sdk-src/lib/tinyusb/src/device/usbd.c.o
                0x0000000020000d08                dcd_event_handler
 *(.text*)
 .text          0x0000000020000ef0        0x4 /usr/lib/gcc/arm-none-eabi/10.3.1/thumb/v6-m/nofp/libgcc.a(_dvmd_tls.o)
                0x0000000020000ef0                __aeabi_ldiv0
                0x0000000020000ef0                __aeabi_idiv0
 *fill*         0x0000000020000ef4        0x4 
 .text.__stub   0x0000000020000ef8       0x80 linker stubs
                0x0000000020000f78                . = ALIGN (0x4)
 *(.rodata*)
                0x0000000020000f78                . = ALIGN (0x4)
 *(.data*)
 .data.blink_interval_ms
                0x0000000020000f78        0x4 CMakeFiles/glitcher.dir/main.c.o
 .data.irq_fired
                0x0000000020000f7c        0x1 CMakeFiles/glitcher.dir/main.c.o
 *fill*         0x0000000020000f7d        0x3 
 .data.scpi_command_strings
                0x0000000020000f80       0x30 CMakeFiles/glitcher.dir/main.c.o
                0x0000000020000f80                scpi_command_strings
 .data.string_desc_arr
                0x0000000020000fb0       0x18 CMakeFiles/glitcher.dir/usb_descriptors.c.o
                0x0000000020000fb0                string_desc_arr
 .data.delay    0x0000000020000fc8        0x4 CMakeFiles/glitcher.dir/adc.c.o
 .data.default_alarm_pool
                0x0000000020000fcc       0x18 CMakeFiles/glitcher.dir/_deps/pico_sdk-src/src/common/pico_time/time.c.o
 .data.striped_spin_lock_num
                0x0000000020000fe4        0x1 CMakeFiles/glitcher.dir/_deps/pico_sdk-src/src/rp2_common/hardware_sync/sync.c.o
 *fill*         0x0000000020000fe5        0x3 
 .data          0x0000000020000fe8       0x48 CMakeFiles/glitcher.dir/_deps/pico_sdk-src/src/rp2_common/hardware_irq/irq_handler_chain.S.o
                0x0000000020000fe8                irq_handler_chain_slots
                0x0000000020001018                irq_handler_chain_first_slot
                0x0000000020001022                irq_handler_chain_remove_tail
 *fill*         0x0000000020001030        0x0 
 .data.aeabi_bits_funcs
                0x0000000020001030       0x10 CMakeFiles/glitcher.dir/_deps/pico_sdk-src/src/rp2_common/pico_bit_ops/bit_ops_aeabi.S.o
                0x0000000020001030                aeabi_bits_funcs
                0x0000000020001040                aeabi_bits_funcs_end
 .data.aeabi_mem_funcs
                0x0000000020001040       0x10 CMakeFiles/glitcher.dir/_deps/pico_sdk-src/src/rp2_common/pico_mem_ops/mem_ops_aeabi.S.o
                0x0000000020001040                aeabi_mem_funcs
                0x0000000020001050                aeabi_mem_funcs_end
 .data.stdio_uart
                0x0000000020001050       0x18 CMakeFiles/glitcher.dir/_deps/pico_sdk-src/src/rp2_common/pico_stdio_uart/stdio_uart.c.o
                0x0000000020001050                stdio_uart
 .data._usbd_qdef
                0x0000000020001068       0x1c CMakeFiles/glitcher.dir/_deps/pico_sdk-src/lib/tinyusb/src/device/usbd.c.o
                0x0000000020001068                _usbd_qdef
 .data._usbd_rhport
                0x0000000020001084        0x1 CMakeFiles/glitcher.dir/_deps/pico_sdk-src/lib/tinyusb/src/device/usbd.c.o
 *fill*         0x0000000020001085        0x3 
 .data          0x0000000020001088      0x430 /usr/lib/gcc/arm-none-eabi/10.3.1/../../../arm-none-eabi/lib/thumb/v6-m/nofp/libg.a(lib_a-impure.o)
                0x0000000020001088                _impure_ptr
                0x00000000200014b8                . = ALIGN (0x4)
 *(.after_data.*)
                0x00000000200014b8                . = ALIGN (0x4)
                0x00000000200014b8                PROVIDE (__mutex_array_start = .)
 *(SORT_BY_NAME(.mutex_array.*))
 *(.mutex_array)
 .mutex_array   0x00000000200014b8        0x8 CMakeFiles/glitcher.dir/_deps/pico_sdk-src/src/rp2_common/pico_malloc/malloc.c.o
 .mutex_array   0x00000000200014c0        0x8 CMakeFiles/glitcher.dir/_deps/pico_sdk-src/src/rp2_common/pico_stdio/stdio.c.o
                0x00000000200014c8                PROVIDE (__mutex_array_end = .)
                0x00000000200014c8                . = ALIGN (0x4)
 *(.jcr)
                0x00000000200014c8                . = ALIGN (0x4)

.tm_clone_table
                0x00000000200014c8        0x0 load address 0x000000001000aabc
 .tm_clone_table
                0x00000000200014c8        0x0 /usr/lib/gcc/arm-none-eabi/10.3.1/thumb/v6-m/nofp/crtbegin.o
 .tm_clone_table
                0x00000000200014c8        0x0 /usr/lib/gcc/arm-none-eabi/10.3.1/thumb/v6-m/nofp/crtend.o

.igot.plt       0x00000000200014c8        0x0 load address 0x000000001000aabc
 .igot.plt      0x00000000200014c8        0x0 /usr/lib/gcc/arm-none-eabi/10.3.1/thumb/v6-m/nofp/crtbegin.o

.tdata          0x00000000200014c8        0x0 load address 0x000000001000aabc
                0x00000000200014c8                . = ALIGN (0x4)
 *(.tdata .tdata.* .gnu.linkonce.td.*)
                0x00000000200014c8                __tdata_end = .
                0x00000000200014c8                PROVIDE (__data_end__ = .)
                0x00000000100096b4                __etext = LOADADDR (.data)

.tbss           0x00000000200014c8        0x0 load address 0x000000001000aabc
                0x00000000200014c8                . = ALIGN (0x4)
                0x00000000200014c8                __bss_start__ = .
                0x00000000200014c8                __tls_base = .
 *(.tbss .tbss.* .gnu.linkonce.tb.*)
 *(.tcommon)
                0x00000000200014c8                __tls_end = .

.bss            0x00000000200014c8    0x33894 load address 0x000000001000aabc
                0x00000000200014c8                . = ALIGN (0x4)
                0x00000000200014c8                __tbss_end = .
 *(SORT_BY_ALIGNMENT(SORT_BY_NAME(.bss*)))
 .bss.default_alarm_pool_entries
                0x00000000200014c8      0x180 CMakeFiles/glitcher.dir/_deps/pico_sdk-src/src/common/pico_time/time.c.o
 .bss.sd_table  0x0000000020001648      0x100 CMakeFiles/glitcher.dir/_deps/pico_sdk-src/src/rp2_common/pico_double/double_init_rom_rp2040.c.o
                0x0000000020001648                sd_table
 .bss.sf_table  0x0000000020001748      0x100 CMakeFiles/glitcher.dir/_deps/pico_sdk-src/src/rp2_common/pico_float/float_init_rom_rp2040.c.o
                0x0000000020001748                sf_table
 .bss.sump      0x0000000020001848    0x19088 CMakeFiles/glitcher.dir/cdc_sump.c.o
 .bss           0x000000002001a8d0       0x1c /usr/lib/gcc/arm-none-eabi/10.3.1/thumb/v6-m/nofp/crtbegin.o
 .bss._app_driver
                0x000000002001a8ec        0x4 CMakeFiles/glitcher.dir/_deps/pico_sdk-src/lib/tinyusb/src/device/usbd.c.o
 .bss._cdcd_epbuf
                0x000000002001a8f0      0x100 CMakeFiles/glitcher.dir/_deps/pico_sdk-src/lib/tinyusb/src/class/cdc/cdc_device.c.o
 .bss._cdcd_fifo_cfg
                0x000000002001a9f0        0x1 CMakeFiles/glitcher.dir/_deps/pico_sdk-src/lib/tinyusb/src/class/cdc/cdc_device.c.o
 *fill*         0x000000002001a9f1        0x3 
 .bss._cdcd_itf
                0x000000002001a9f4      0x490 CMakeFiles/glitcher.dir/_deps/pico_sdk-src/lib/tinyusb/src/class/cdc/cdc_device.c.o
 .bss._ctrl_epbuf
                0x000000002001ae84       0x40 CMakeFiles/glitcher.dir/_deps/pico_sdk-src/lib/tinyusb/src/device/usbd_control.c.o
 .bss._ctrl_xfer
                0x000000002001aec4       0x14 CMakeFiles/glitcher.dir/_deps/pico_sdk-src/lib/tinyusb/src/device/usbd_control.c.o
 .bss._desc_str
                0x000000002001aed8       0x40 CMakeFiles/glitcher.dir/usb_descriptors.c.o
 .bss._tusb_rhport_role
                0x000000002001af18        0x2 CMakeFiles/glitcher.dir/_deps/pico_sdk-src/lib/tinyusb/src/tusb.c.o
                0x000000002001af18                _tusb_rhport_role
 *fill*         0x000000002001af1a        0x2 
 .bss._ubsd_mutexdef
                0x000000002001af1c        0x8 CMakeFiles/glitcher.dir/_deps/pico_sdk-src/lib/tinyusb/src/device/usbd.c.o
 .bss._usbd_dev
                0x000000002001af24       0x54 CMakeFiles/glitcher.dir/_deps/pico_sdk-src/lib/tinyusb/src/device/usbd.c.o
 .bss._usbd_mutex
                0x000000002001af78        0x4 CMakeFiles/glitcher.dir/_deps/pico_sdk-src/lib/tinyusb/src/device/usbd.c.o
 .bss._usbd_q   0x000000002001af7c        0x4 CMakeFiles/glitcher.dir/_deps/pico_sdk-src/lib/tinyusb/src/device/usbd.c.o
 .bss._usbd_qdef_buf
                0x000000002001af80       0xc0 CMakeFiles/glitcher.dir/_deps/pico_sdk-src/lib/tinyusb/src/device/usbd.c.o
                0x000000002001af80                _usbd_qdef_buf
 .bss._used_instruction_space
                0x000000002001b040        0x8 CMakeFiles/glitcher.dir/_deps/pico_sdk-src/src/rp2_common/hardware_pio/pio.c.o
 .bss.adc_pio_prog_offset
                0x000000002001b048        0x4 CMakeFiles/glitcher.dir/adc.c.o
 .bss.boot2_copyout
                0x000000002001b04c      0x100 CMakeFiles/glitcher.dir/_deps/pico_sdk-src/src/rp2_common/hardware_flash/flash.c.o
 .bss.buf       0x000000002001b14c    0x186a0 CMakeFiles/glitcher.dir/adc.c.o
 .bss.callbacks
                0x00000000200337ec        0x8 CMakeFiles/glitcher.dir/_deps/pico_sdk-src/src/rp2_common/hardware_gpio/gpio.c.o
 .bss.chars_available_callback
                0x00000000200337f4        0x4 CMakeFiles/glitcher.dir/_deps/pico_sdk-src/src/rp2_common/pico_stdio_uart/stdio_uart.c.o
 .bss.chars_available_param
                0x00000000200337f8        0x4 CMakeFiles/glitcher.dir/_deps/pico_sdk-src/src/rp2_common/pico_stdio_uart/stdio_uart.c.o
 .bss.claimed   0x00000000200337fc        0x1 CMakeFiles/glitcher.dir/_deps/pico_sdk-src/src/rp2_common/hardware_timer/timer.c.o
 *fill*         0x00000000200337fd        0x3 
 .bss.claimed   0x0000000020033800        0x4 CMakeFiles/glitcher.dir/_deps/pico_sdk-src/src/rp2_common/hardware_sync/sync.c.o
 .bss.claimed   0x0000000020033804        0x1 CMakeFiles/glitcher.dir/_deps/pico_sdk-src/src/rp2_common/hardware_pio/pio.c.o
 *fill*         0x0000000020033805        0x3 
 .bss.commands  0x0000000020033808     0x1000 CMakeFiles/glitcher.dir/output.c.o
 .bss.configured_freq
                0x0000000020034808       0x28 CMakeFiles/glitcher.dir/_deps/pico_sdk-src/src/rp2_common/hardware_clocks/clocks.c.o
 .bss.desc_other_speed_config
                0x0000000020034830       0x8d CMakeFiles/glitcher.dir/usb_descriptors.c.o
                0x0000000020034830                desc_other_speed_config
 *fill*         0x00000000200348bd        0x3 
 .bss.drivers   0x00000000200348c0        0x4 CMakeFiles/glitcher.dir/_deps/pico_sdk-src/src/rp2_common/pico_stdio/stdio.c.o
 .bss.e15_last_sof
                0x00000000200348c4        0x4 CMakeFiles/glitcher.dir/_deps/pico_sdk-src/lib/tinyusb/src/portable/raspberrypi/rp2040/rp2040_usb.c.o
                0x00000000200348c4                e15_last_sof
 .bss.filter    0x00000000200348c8        0x4 CMakeFiles/glitcher.dir/_deps/pico_sdk-src/src/rp2_common/pico_stdio/stdio.c.o
 .bss.glitch_len
                0x00000000200348cc        0x4 CMakeFiles/glitcher.dir/glitch.c.o
 .bss.glitch_off
                0x00000000200348d0        0x4 CMakeFiles/glitcher.dir/glitch.c.o
 .bss.glitch_pio_off
                0x00000000200348d4        0x4 CMakeFiles/glitcher.dir/glitch.c.o
 .bss.gpio_pio_prog_offset
                0x00000000200348d8        0x4 CMakeFiles/glitcher.dir/output.c.o
                0x00000000200348d8                gpio_pio_prog_offset
 .bss.hw_endpoints
                0x00000000200348dc      0x400 CMakeFiles/glitcher.dir/_deps/pico_sdk-src/lib/tinyusb/src/portable/raspberrypi/rp2040/dcd_rp2040.c.o
 .bss.lazy_vsnprintf
                0x0000000020034cdc        0x4 CMakeFiles/glitcher.dir/_deps/pico_sdk-src/src/rp2_common/pico_printf/printf.c.o
 .bss.lockout_victim_initialized
                0x0000000020034ce0        0x2 CMakeFiles/glitcher.dir/_deps/pico_sdk-src/src/rp2_common/pico_multicore/multicore.c.o
 *fill*         0x0000000020034ce2        0x2 
 .bss.next_buffer_ptr
                0x0000000020034ce4        0x4 CMakeFiles/glitcher.dir/_deps/pico_sdk-src/lib/tinyusb/src/portable/raspberrypi/rp2040/dcd_rp2040.c.o
 .bss.pools     0x0000000020034ce8       0x10 CMakeFiles/glitcher.dir/_deps/pico_sdk-src/src/common/pico_time/time.c.o
 .bss.raw_irq_mask
                0x0000000020034cf8        0x8 CMakeFiles/glitcher.dir/_deps/pico_sdk-src/src/rp2_common/hardware_gpio/gpio.c.o
 .bss.read      0x0000000020034d00       0x10 CMakeFiles/glitcher.dir/output.c.o
 .bss.retrieved_id
                0x0000000020034d10        0x8 CMakeFiles/glitcher.dir/_deps/pico_sdk-src/src/rp2_common/pico_unique_id/unique_id.c.o
 .bss.serial    0x0000000020034d18       0x11 CMakeFiles/glitcher.dir/usb_descriptors.c.o
                0x0000000020034d18                serial
 *fill*         0x0000000020034d29        0x3 
 .bss.sf_clz_func
                0x0000000020034d2c        0x4 CMakeFiles/glitcher.dir/_deps/pico_sdk-src/src/rp2_common/pico_double/double_init_rom_rp2040.c.o
                0x0000000020034d2c                sf_clz_func
 .bss.sleep_notifier
                0x0000000020034d30        0x4 CMakeFiles/glitcher.dir/_deps/pico_sdk-src/src/common/pico_time/time.c.o
 .bss.start_ms.1
                0x0000000020034d34        0x4 CMakeFiles/glitcher.dir/main.c.o
 .bss.uart_char_to_line_feed
                0x0000000020034d38        0x4 CMakeFiles/glitcher.dir/_deps/pico_sdk-src/src/rp2_common/hardware_uart/uart.c.o
                0x0000000020034d38                uart_char_to_line_feed
 .bss.uart_inst
                0x0000000020034d3c        0x4 CMakeFiles/glitcher.dir/_deps/pico_sdk-src/lib/tinyusb/hw/bsp/rp2040/family.c.o
 .bss.uart_instance
                0x0000000020034d40        0x4 CMakeFiles/glitcher.dir/_deps/pico_sdk-src/src/rp2_common/pico_stdio_uart/stdio_uart.c.o
 .bss.write     0x0000000020034d44       0x10 CMakeFiles/glitcher.dir/output.c.o
 .bss._claimed  0x0000000020034d54        0x2 CMakeFiles/glitcher.dir/_deps/pico_sdk-src/src/rp2_common/hardware_dma/dma.c.o
 .bss._app_driver_count
                0x0000000020034d56        0x1 CMakeFiles/glitcher.dir/_deps/pico_sdk-src/lib/tinyusb/src/device/usbd.c.o
 .bss._sof_enable
                0x0000000020034d57        0x1 CMakeFiles/glitcher.dir/_deps/pico_sdk-src/lib/tinyusb/src/portable/raspberrypi/rp2040/dcd_rp2040.c.o
 .bss._usbd_queued_setup
                0x0000000020034d58        0x1 CMakeFiles/glitcher.dir/_deps/pico_sdk-src/lib/tinyusb/src/device/usbd.c.o
 .bss.boot2_copyout_valid
                0x0000000020034d59        0x1 CMakeFiles/glitcher.dir/_deps/pico_sdk-src/src/rp2_common/hardware_flash/flash.c.o
 .bss.irq_handler_chain_free_slot_head
                0x0000000020034d5a        0x1 CMakeFiles/glitcher.dir/_deps/pico_sdk-src/src/rp2_common/hardware_irq/irq.c.o
 .bss.led_state.0
                0x0000000020034d5b        0x1 CMakeFiles/glitcher.dir/main.c.o
 *(COMMON)
                0x0000000020034d5c                . = ALIGN (0x4)
                0x0000000020034d5c                __bss_end__ = .

.heap           0x0000000020034d5c      0x800 load address 0x000000001000aabc
                0x0000000020034d5c                __end__ = .
                0x0000000020034d5c                end = __end__
 *(.heap*)
 .heap          0x0000000020034d5c      0x800 CMakeFiles/glitcher.dir/_deps/pico_sdk-src/src/rp2_common/pico_crt0/crt0.S.o
                0x0000000020040000                __HeapLimit = (ORIGIN (RAM) + LENGTH (RAM))

.scratch_x      0x0000000020040000        0x0 load address 0x000000001000aabc
                0x0000000020040000                __scratch_x_start__ = .
 *(.scratch_x.*)
                0x0000000020040000                . = ALIGN (0x4)
                0x0000000020040000                __scratch_x_end__ = .
                0x000000001000aabc                __scratch_x_source__ = LOADADDR (.scratch_x)

.scratch_y      0x0000000020041000        0x0 load address 0x000000001000aabc
                0x0000000020041000                __scratch_y_start__ = .
 *(.scratch_y.*)
                0x0000000020041000                . = ALIGN (0x4)
                0x0000000020041000                __scratch_y_end__ = .
                0x000000001000aabc                __scratch_y_source__ = LOADADDR (.scratch_y)

.stack1_dummy   0x0000000020040000      0x800
 *(.stack1*)
 .stack1        0x0000000020040000      0x800 CMakeFiles/glitcher.dir/_deps/pico_sdk-src/src/rp2_common/pico_multicore/multicore.c.o

.stack_dummy    0x0000000020041000      0x800
 *(.stack*)
 .stack         0x0000000020041000      0x800 CMakeFiles/glitcher.dir/_deps/pico_sdk-src/src/rp2_common/pico_crt0/crt0.S.o

.flash_end      0x000000001000aabc        0x0
 *(.embedded_end_block*)
                0x000000001000aabc                PROVIDE (__flash_binary_end = .)
                0x0000000020040000                __StackLimit = (ORIGIN (RAM) + LENGTH (RAM))
                0x0000000020041000                __StackOneTop = (ORIGIN (SCRATCH_X) + LENGTH (SCRATCH_X))
                0x0000000020042000                __StackTop = (ORIGIN (SCRATCH_Y) + LENGTH (SCRATCH_Y))
                0x0000000020040800                __StackOneBottom = (__StackOneTop - SIZEOF (.stack1_dummy))
                0x0000000020041800                __StackBottom = (__StackTop - SIZEOF (.stack_dummy))
                0x0000000020042000                PROVIDE (__stack = __StackTop)
                [!provide]                        PROVIDE (__heap_start = __end__)
                [!provide]                        PROVIDE (__heap_end = __HeapLimit)
                [!provide]                        PROVIDE (__tls_align = MAX (ALIGNOF (.tdata), ALIGNOF (.tbss)))
                [!provide]                        PROVIDE (__tls_size_align = (((__tls_size + __tls_align) - 0x1) & ~ ((__tls_align - 0x1))))
                [!provide]                        PROVIDE (__arm32_tls_tcb_offset = MAX (0x8, __tls_align))
                [!provide]                        PROVIDE (_end = __end__)
                [!provide]                        PROVIDE (__llvm_libc_heap_limit = __HeapLimit)